---------------------------------------------------------------------------------------------------------------------------------------------------------------------------------------------------------------------------------------------------------------
      name:  <unnamed>
       log:  /Users/yaskepalhares/opendta/compat/expected/0001_display_numeros.log
  log type:  text
 opened on:   8 Oct 2026, 20:55:23

. * Formato padrão de números no display (%9.0g) e casos de precisão.
. * Itens marcados VERIFICAR no código dependem deste arquivo.
. display 1/3
.33333333

. display 2/3
.66666667

. display -1/3
-.33333333

. display _pi
3.1415927

. display -_pi
-3.1415927

. display 123456789
1.235e+08

. display 1234567890
1.235e+09

. display -123456789
-1.235e+08

. display 0.00000123
1.230e-06

. display 123.456
123.456

. display 0.5
.5

. display -0.5
-.5

. display 1e10
1.000e+10

. display 1e-10
1.000e-10

. display 12345.678901
12345.679

. display 99999.99999
100000

. display 100000
100000

. display 1000000000
1.000e+09

. display 2^3^2
64

. display -2^2
-4

. display 1/0
.

. display .a
.a

. display .z > .a
1

. display round(2.5)
3

. display round(-2.5)
-2

. display round(-1.5)
-1

. display round(1.25, .1)
1.3

. display mod(-7, 3)
2

. display string(1/3)
.3333333

. display string(1234567890)
1.23e+09

. local x = 1/3

. display "`x'"
.3333333333333333

. local y = 1e20

. display "`y'"
1.00000000000e+20

. local z = 2/3

. display "`z'"
.6666666666666666

. display "`=1/7'"
.1428571428571428

. 
end of do-file
      name:  <unnamed>
       log:  /Users/yaskepalhares/opendta/compat/expected/0001_display_numeros.log
  log type:  text
 closed on:   8 Oct 2026, 20:55:23
---------------------------------------------------------------------------------------------------------------------------------------------------------------------------------------------------------------------------------------------------------------
