---------------------------------------------------------------------------------------------------------------------------------------------------------------------------------------------------------------------------------------------------------------
      name:  <unnamed>
       log:  /Users/yaskepalhares/opendta/compat/expected/0002_formatos.log
  log type:  text
 opened on:   8 Oct 2026, 15:15:04

. * Formatos explícitos no display.
. display %9.2f _pi
     3.14

. display %9.2f -_pi
    -3.14

. display %09.2f _pi
000003.14

. display %-9.2f _pi "|"
3.14     |

. display %12.2fc 1234567.891
1,234,567.89

. display %10.3e 1234.5
 1.235e+03

. display %10.0g 1/3
 .33333333

. display %5.0g 1/3
 .333

. display %8.0g 123456789
 1.2e+08

. display %-10s "ab" "|"
ab        |

. display %10s "ab" "|"
        ab|

. display %td 0
01jan1960

. display %td mdy(10, 8, 2026)
08oct2026

. display %td mdy(2, 29, 2024)
29feb2024

. display %9.2f .
        .

. display %9.2f .a
       .a

. display "a" _col(10) "b" _col(5) "c"
a        bc

. display "x" _skip(3) "y"
x   y

. display _dup(5) "=" " fim"
===== fim

. display "sem quebra " _continue
sem quebra 
. display "continuação"
continuação

. display as result "resultado" as text " texto" as error " erro"
resultado texto erro

. display _n "linha nova"

linha nova

. display _char(65) _char(66)
AB

. 
end of do-file
      name:  <unnamed>
       log:  /Users/yaskepalhares/opendta/compat/expected/0002_formatos.log
  log type:  text
 closed on:   8 Oct 2026, 15:15:04
---------------------------------------------------------------------------------------------------------------------------------------------------------------------------------------------------------------------------------------------------------------
