---------------------------------------------------------------------------------------------------------------------------------------------------------------------------------------------------------------------------------------------------------------
      name:  <unnamed>
       log:  /Users/yaskepalhares/opendta/compat/expected/0007_delimit_capture.log
  log type:  text
 opened on:   9 Oct 2026, 00:51:08

. * #delimit, capture e do-files aninhados.
. #delimit ;
delimiter now ;
. display "a"
>     "b";
ab

. forvalues k = 1/2 {;
  2.     display `k';
  3. };
1
2

. #delimit cr
delimiter now cr
. display "de volta"
de volta

. capture noisily error 7

. capture {

. display _rc
111

. capture noisily {
.     display "aparece"
aparece
.     error 198
invalid syntax
r(198);
. }

. display _rc
198

. 
end of do-file
      name:  <unnamed>
       log:  /Users/yaskepalhares/opendta/compat/expected/0007_delimit_capture.log
  log type:  text
 closed on:   9 Oct 2026, 00:51:08
---------------------------------------------------------------------------------------------------------------------------------------------------------------------------------------------------------------------------------------------------------------
