---------------------------------------------------------------------------------------------------------------------------------------------------------------------------------------------------------------------------------------------------------------
      name:  <unnamed>
       log:  /Users/yaskepalhares/opendta/compat/expected/0102_by_sort.log
  log type:  text
 opened on:   9 Oct 2026, 00:51:08

. * Fase 1a: sort, gsort, by/bysort, _n, _N, subscritos, sum().
. clear

. input g x

             g          x
  1. 2 20
  2. 1 10
  3. 2 40
  4. 1 30
  5. 1 50
  6. .  5
  7. end

. sort g x

. list

     +--------+
     | g    x |
     |--------|
  1. | 1   10 |
  2. | 1   30 |
  3. | 1   50 |
  4. | 2   20 |
  5. | 2   40 |
     |--------|
  6. | .    5 |
     +--------+

. gsort -x

. list

     +--------+
     | g    x |
     |--------|
  1. | 1   50 |
  2. | 2   40 |
  3. | 1   30 |
  4. | 2   20 |
  5. | 1   10 |
     |--------|
  6. | .    5 |
     +--------+

. gsort -g +x

. list

     +--------+
     | g    x |
     |--------|
  1. | 2   20 |
  2. | 2   40 |
  3. | 1   10 |
  4. | 1   30 |
  5. | 1   50 |
     |--------|
  6. | .    5 |
     +--------+

. bysort g (x): gen n = _n

. by g: gen N = _N

. by g: gen soma = sum(x)

. by g: gen ant = x[_n-1]
(3 missing values generated)

. by g: gen prim = x[1]

. list

     +------------------------------------+
     | g    x   n   N   soma   ant   prim |
     |------------------------------------|
  1. | 1   10   1   3     10     .     10 |
  2. | 1   30   2   3     40    10     10 |
  3. | 1   50   3   3     90    30     10 |
  4. | 2   20   1   2     20     .     20 |
  5. | 2   40   2   2     60    20     20 |
     |------------------------------------|
  6. | .    5   1   1      5     .      5 |
     +------------------------------------+

. by g: count

---------------------------------------------------------------------------------------------------------------------------------------------------------------------------------------------------------------------------------------------------------------
-> g = 1
  3
---------------------------------------------------------------------------------------------------------------------------------------------------------------------------------------------------------------------------------------------------------------
-> g = 2
  2
---------------------------------------------------------------------------------------------------------------------------------------------------------------------------------------------------------------------------------------------------------------
-> g = .
  1

. capture noisily by x: gen z = 1
not sorted

. sort g

. by g: keep if _n == 1
(3 observations deleted)

. list

     +------------------------------------+
     | g    x   n   N   soma   ant   prim |
     |------------------------------------|
  1. | 1   10   1   3     10     .     10 |
  2. | 2   20   1   2     20     .     20 |
  3. | .    5   1   1      5     .      5 |
     +------------------------------------+

. 
end of do-file
      name:  <unnamed>
       log:  /Users/yaskepalhares/opendta/compat/expected/0102_by_sort.log
  log type:  text
 closed on:   9 Oct 2026, 00:51:08
---------------------------------------------------------------------------------------------------------------------------------------------------------------------------------------------------------------------------------------------------------------
