---------------------------------------------------------------------------------------------------------------------------------------------------------------------------------------------------------------------------------------------------------------
      name:  <unnamed>
       log:  /Users/yaskepalhares/opendta/compat/expected/0106_excel.log
  log type:  text
 opened on:   9 Oct 2026, 10:27:08

. * Fase 1c: export excel e import excel.
. * Cria e apaga arquivos temporários na pasta atual.
. clear

. input str10 nome idade double renda dnasc

           nome      idade       renda      dnasc
  1. "Ana" 30 1500.5 21915
  2. "Bia" . 2000.25 .
  3. "Caio" 41 . 22000
  4. end

. format dnasc %td

. label define id 30 "trinta"

. label values idade id

. label variable renda "Renda mensal"

. capture erase odta_x.xlsx

. export excel using odta_x.xlsx, firstrow(variables)
file odta_x.xlsx saved

. capture noisily export excel using odta_x.xlsx
file odta_x.xlsx already exists

. export excel nome renda using odta_x.xlsx if idade < ., sheet("Outra") sheetmodify firstrow(varlabels)
file odta_x.xlsx saved

. import excel odta_x.xlsx, describe

     Sheet | Range
  ---------+---------
    Sheet1 | A1:D4
     Outra | A1:B3

. return list

scalars:
        r(N_worksheet) =  2

macros:
        r(worksheet_1) : "Sheet1"
            r(range_1) : "A1:D4"
        r(worksheet_2) : "Outra"
            r(range_2) : "A1:B3"

. import excel odta_x.xlsx, clear firstrow

. describe

Contains data
  obs:             3                          
 vars:             4                          
 size:            60                          
---------------------------------------------------------------------------------------------------------------------------------------------------------------------------------------------------------------------------------------------------------------
              storage   display    value
variable name   type    format     label      variable label
---------------------------------------------------------------------------------------------------------------------------------------------------------------------------------------------------------------------------------------------------------------
nome            str4    %9s                   nome
idade           str6    %9s                   idade
renda           double  %10.0g                renda
dnasc           int     %td..                 dnasc
---------------------------------------------------------------------------------------------------------------------------------------------------------------------------------------------------------------------------------------------------------------
Sorted by: 
     Note: Dataset has changed since last saved.

. list

     +-------------------------------------+
     | nome    idade     renda       dnasc |
     |-------------------------------------|
  1. |  Ana   trinta    1500.5    1/1/2020 |
  2. |  Bia            2000.25           . |
  3. | Caio       41         .   3/26/2020 |
     +-------------------------------------+

. import excel odta_x.xlsx, clear sheet("Outra") firstrow

. describe

Contains data
  obs:             2                          
 vars:             2                          
 size:            24                          
---------------------------------------------------------------------------------------------------------------------------------------------------------------------------------------------------------------------------------------------------------------
              storage   display    value
variable name   type    format     label      variable label
---------------------------------------------------------------------------------------------------------------------------------------------------------------------------------------------------------------------------------------------------------------
nome            str4    %9s                   nome
Rendamensal     double  %10.0g                Renda mensal
---------------------------------------------------------------------------------------------------------------------------------------------------------------------------------------------------------------------------------------------------------------
Sorted by: 
     Note: Dataset has changed since last saved.

. list

     +-----------------+
     | nome   Rendam~l |
     |-----------------|
  1. |  Ana     1500.5 |
  2. | Caio          . |
     +-----------------+

. import excel odta_x.xlsx, clear cellrange(A2:B4)

. describe

Contains data
  obs:             3                          
 vars:             2                          
 size:            30                          
---------------------------------------------------------------------------------------------------------------------------------------------------------------------------------------------------------------------------------------------------------------
              storage   display    value
variable name   type    format     label      variable label
---------------------------------------------------------------------------------------------------------------------------------------------------------------------------------------------------------------------------------------------------------------
A               str4    %9s                   
B               str6    %9s                   
---------------------------------------------------------------------------------------------------------------------------------------------------------------------------------------------------------------------------------------------------------------
Sorted by: 
     Note: Dataset has changed since last saved.

. list

     +---------------+
     |    A        B |
     |---------------|
  1. |  Ana   trinta |
  2. |  Bia          |
  3. | Caio       41 |
     +---------------+

. import excel odta_x.xlsx, clear firstrow allstring

. describe

Contains data
  obs:             3                          
 vars:             4                          
 size:            81                          
---------------------------------------------------------------------------------------------------------------------------------------------------------------------------------------------------------------------------------------------------------------
              storage   display    value
variable name   type    format     label      variable label
---------------------------------------------------------------------------------------------------------------------------------------------------------------------------------------------------------------------------------------------------------------
nome            str4    %9s                   nome
idade           str6    %9s                   idade
renda           str7    %9s                   renda
dnasc           str10   %10s                  dnasc
---------------------------------------------------------------------------------------------------------------------------------------------------------------------------------------------------------------------------------------------------------------
Sorted by: 
     Note: Dataset has changed since last saved.

. list

     +--------------------------------------+
     | nome    idade     renda        dnasc |
     |--------------------------------------|
  1. |  Ana   trinta    1500.5     1/1/2020 |
  2. |  Bia            2000.25              |
  3. | Caio       41              3/26/2020 |
     +--------------------------------------+

. import excel odta_x.xlsx, clear

. describe

Contains data
  obs:             4                          
 vars:             4                          
 size:           108                          
---------------------------------------------------------------------------------------------------------------------------------------------------------------------------------------------------------------------------------------------------------------
              storage   display    value
variable name   type    format     label      variable label
---------------------------------------------------------------------------------------------------------------------------------------------------------------------------------------------------------------------------------------------------------------
A               str4    %9s                   
B               str6    %9s                   
C               str7    %9s                   
D               str10   %10s                  
---------------------------------------------------------------------------------------------------------------------------------------------------------------------------------------------------------------------------------------------------------------
Sorted by: 
     Note: Dataset has changed since last saved.

. erase odta_x.xlsx

. 
end of do-file
      name:  <unnamed>
       log:  /Users/yaskepalhares/opendta/compat/expected/0106_excel.log
  log type:  text
 closed on:   9 Oct 2026, 10:27:08
---------------------------------------------------------------------------------------------------------------------------------------------------------------------------------------------------------------------------------------------------------------
