---------------------------------------------------------------------------------------------------------------------------------------------------------------------------------------------------------------------------------------------------------------
      name:  <unnamed>
       log:  /Users/yaskepalhares/opendta/compat/expected/0108_infile_infix_2.log
  log type:  text
 opened on:   9 Oct 2026, 10:27:09

. * Fase 1c (continuação de 0107, que parava no label list): infile com
. * :rótulo e automatic, x1-x2, infix, dicionário e file read.
. capture file close _all

. capture erase odta_f.raw

. file open h using odta_f.raw, write replace
(note: file odta_f.raw not found)

. file write h "Ana 30 1.5" _n `""Bia Lima" . 2"' _n "Caio, 41, abc" _n "Davi 7" _n

. file close h

. clear

. infile str10 nome idade renda:rl using odta_f.raw, automatic
(eof not at end of obs)
(4 observations read)

. list

     +--------------------------+
     |     nome   idade   renda |
     |--------------------------|
  1. |      Ana      30     1.5 |
  2. | Bia Lima       .       2 |
  3. |     Caio      41     abc |
  4. |     Davi       7       . |
     +--------------------------+

. label list rl
rl:
           1 abc

. describe

Contains data
  obs:             4                          
 vars:             3                          
 size:            72                          
---------------------------------------------------------------------------------------------------------------------------------------------------------------------------------------------------------------------------------------------------------------
              storage   display    value
variable name   type    format     label      variable label
---------------------------------------------------------------------------------------------------------------------------------------------------------------------------------------------------------------------------------------------------------------
nome            str10   %10s                  
idade           float   %9.0g                 
renda           float   %9.0g      rl         
---------------------------------------------------------------------------------------------------------------------------------------------------------------------------------------------------------------------------------------------------------------
Sorted by: 
     Note: Dataset has changed since last saved.

. infile str10 nome x1-x2 using odta_f.raw, clear
'abc' cannot be read as a number for x2[3]
(eof not at end of obs)
(4 observations read)

. describe

Contains data
  obs:             4                          
 vars:             3                          
 size:            72                          
---------------------------------------------------------------------------------------------------------------------------------------------------------------------------------------------------------------------------------------------------------------
              storage   display    value
variable name   type    format     label      variable label
---------------------------------------------------------------------------------------------------------------------------------------------------------------------------------------------------------------------------------------------------------------
nome            str10   %10s                  
x1              float   %9.0g                 
x2              float   %9.0g                 
---------------------------------------------------------------------------------------------------------------------------------------------------------------------------------------------------------------------------------------------------------------
Sorted by: 
     Note: Dataset has changed since last saved.

. capture noisily infile a using odta_f.raw
you must start with an empty dataset

. file open h using odta_x.raw, write replace
(note: file odta_x.raw not found)

. file write h "000123Ana       031150" _n "000124Bia Lima  .  2000" _n

. file close h

. infix long id 1-6 str nome 7-16 idade 17-19 renda 20-23 using odta_x.raw, clear
(2 observations read)

. describe

Contains data
  obs:             2                          
 vars:             4                          
 size:            44                          
---------------------------------------------------------------------------------------------------------------------------------------------------------------------------------------------------------------------------------------------------------------
              storage   display    value
variable name   type    format     label      variable label
---------------------------------------------------------------------------------------------------------------------------------------------------------------------------------------------------------------------------------------------------------------
id              long    %12.0g                
nome            str10   %10s                  
idade           float   %9.0g                 
renda           float   %9.0g                 
---------------------------------------------------------------------------------------------------------------------------------------------------------------------------------------------------------------------------------------------------------------
Sorted by: 
     Note: Dataset has changed since last saved.

. list

     +--------------------------------+
     |  id       nome   idade   renda |
     |--------------------------------|
  1. | 123        Ana      31     150 |
  2. | 124   Bia Lima       .    2000 |
     +--------------------------------+

. file open h using odta_m.raw, write replace
(note: file odta_m.raw not found)

. file write h "1001Ana" _n "  25 1500" _n "1002Bia" _n "  31  200" _n

. file close h

. infix 2 lines 1: id 1-4 str nome 5-7 2: idade 1-4 renda 5-9 using odta_m.raw, clear
(2 observations read)

. list

     +-----------------------------+
     |   id   nome   idade   renda |
     |-----------------------------|
  1. | 1001    Ana      25    1500 |
  2. | 1002    Bia      31     200 |
     +-----------------------------+

. file open h using odta_d.dct, write replace
(note: file odta_d.dct not found)

. file write h "dictionary using odta_x.raw {" _n

. file write h `"  _column(1) long id %6f "Identificador""' _n

. file write h `"  str10 nome %10s "Nome""' _n

. file write h "  int idade %3f" _n "  renda %4.1f" _n "}" _n

. file close h

. infile using odta_d.dct, clear

dictionary using odta_x.raw {
  _column(1) long id %6f "Identificador"
  str10 nome %10s "Nome"
  int idade %3f
  renda %4.1f
}

(2 observations read)

. describe

Contains data
  obs:             2                          
 vars:             4                          
 size:            40                          
---------------------------------------------------------------------------------------------------------------------------------------------------------------------------------------------------------------------------------------------------------------
              storage   display    value
variable name   type    format     label      variable label
---------------------------------------------------------------------------------------------------------------------------------------------------------------------------------------------------------------------------------------------------------------
id              long    %12.0g                Identificador
nome            str10   %10s                  Nome
idade           int     %8.0g                 
renda           float   %9.0g                 
---------------------------------------------------------------------------------------------------------------------------------------------------------------------------------------------------------------------------------------------------------------
Sorted by: 
     Note: Dataset has changed since last saved.

. list

     +--------------------------------+
     |  id       nome   idade   renda |
     |--------------------------------|
  1. | 123        Ana      31      15 |
  2. | 124   Bia Lima       .     200 |
     +--------------------------------+

. file open r using odta_f.raw, read

. file read r linha

. display `"`linha'"' " eof=" r(eof)
Ana 30 1.5 eof=0

. file close r

. erase odta_f.raw

. erase odta_x.raw

. erase odta_m.raw

. erase odta_d.dct

. 
end of do-file
      name:  <unnamed>
       log:  /Users/yaskepalhares/opendta/compat/expected/0108_infile_infix_2.log
  log type:  text
 closed on:   9 Oct 2026, 10:27:09
---------------------------------------------------------------------------------------------------------------------------------------------------------------------------------------------------------------------------------------------------------------
