---------------------------------------------------------------------------------------------------------------------------------------------------------------------------------------------------------------------------------------------------------------
      name:  <unnamed>
       log:  /Users/yaskepalhares/opendta/compat/expected/0204_utilitarios.log
  log type:  text
 opened on:   9 Oct 2026, 10:27:09

. * Fase 2: assert, log com nome, set trace, creturn de valores fixos.
. clear

. set obs 5
number of observations (_N) was 0, now 5

. gen x = _n

. assert x > 0

. capture noisily assert x < 3
3 contradictions in 5 observations
assertion is false

. assert x < 3, rc0
3 contradictions in 5 observations
assertion is false

. capture erase odta_log.log

. log using odta_log, text name(teste)
---------------------------------------------------------------------------------------------------------------------------------------------------------------------------------------------------------------------------------------------------------------
      name:  teste
       log:  /Users/yaskepalhares/opendta/compat/odta_log.log
  log type:  text
 opened on:   9 Oct 2026, 10:27:09

. display "dentro do log"
dentro do log

. log close teste
      name:  teste
       log:  /Users/yaskepalhares/opendta/compat/odta_log.log
  log type:  text
 closed on:   9 Oct 2026, 10:27:09
---------------------------------------------------------------------------------------------------------------------------------------------------------------------------------------------------------------------------------------------------------------

. type odta_log.log
---------------------------------------------------------------------------------------------------------------------------------------------------------------------------------------------------------------------------------------------------------------
      name:  teste
       log:  /Users/yaskepalhares/opendta/compat/odta_log.log
  log type:  text
 opened on:   9 Oct 2026, 10:27:09

. display "dentro do log"
dentro do log

. log close teste
      name:  teste
       log:  /Users/yaskepalhares/opendta/compat/odta_log.log
  log type:  text
 closed on:   9 Oct 2026, 10:27:09
---------------------------------------------------------------------------------------------------------------------------------------------------------------------------------------------------------------------------------------------------------------

. erase odta_log.log

. capture program drop tr

. program define tr
  1.     local a 5
  2.     display `a'
  3. end

. set trace on

. tr
    ---------------------------------------------------------------------------------------------------------------------------------------------------------------------------------------------------------------------------------------------- begin tr ---
    - local a 5
    - display `a'
    = display 5
5
    ------------------------------------------------------------------------------------------------------------------------------------------------------------------------------------------------------------------------------------------------ end tr ---

. set trace off

. display c(pi)
3.1415927

. display c(maxdouble)
8.99e+307

. display "`c(dirsep)'"
/

. 
end of do-file
      name:  <unnamed>
       log:  /Users/yaskepalhares/opendta/compat/expected/0204_utilitarios.log
  log type:  text
 closed on:   9 Oct 2026, 10:27:09
---------------------------------------------------------------------------------------------------------------------------------------------------------------------------------------------------------------------------------------------------------------
