---------------------------------------------------------------------------------------------------------------------------------------------------------------------------------------------------------------------------------------------------------------
      name:  <unnamed>
       log:  /Users/yaskepalhares/opendta/compat/expected/0301_summarize.log
  log type:  text
 opened on:   9 Oct 2026, 00:51:08

. * Fase 3a: summarize, ci, ttest, prtest, correlate, pwcorr, centile, pctile, xtile, tabstat.
. clear

. input grupo x y peso

         grupo          x          y       peso
  1. 1 10 3.2 1
  2. 1 12 4.1 2
  3. 1 9 2.8 1
  4. 1 15 5.0 3
  5. 2 20 6.3 1
  6. 2 18 5.9 2
  7. 2 25 7.7 1
  8. 2 . 6.1 2
  9. 2 22 7.0 1
 10. 1 11 3.9 1
 11. end

. summarize

    Variable |        Obs        Mean    Std. Dev.       Min        Max
-------------+---------------------------------------------------------
       grupo |         10         1.5    .5270463          1          2
           x |          9    15.77778    5.739725          9         25
           y |         10         5.2    1.656636        2.8        7.7
        peso |         10         1.5    .7071068          1          3

. summarize x, detail

                              x
-------------------------------------------------------------
      Percentiles      Smallest
 1%            9              9
 5%            9             10
10%            9             11       Obs                   9
25%           11             12       Sum of Wgt.           9

50%           15                      Mean           15.77778
                        Largest       Std. Dev.      5.739725
75%           20             18
90%           25             20       Variance       32.94444
95%           25             22       Skewness       .3111736
99%           25             25       Kurtosis       1.687544

. summarize x [fw=peso]

    Variable |        Obs        Mean    Std. Dev.       Min        Max
-------------+---------------------------------------------------------
           x |         13    15.53846    4.858247          9         25

. summarize x [aw=peso], detail

                              x
-------------------------------------------------------------
      Percentiles      Smallest
 1%            9              9
 5%            9             10
10%           10             11       Obs                   9
25%           12             12       Sum of Wgt.          13

50%           15                      Mean           15.53846
                        Largest       Std. Dev.      4.950793
75%           18             18
90%           22             20       Variance       24.51036
95%           25             22       Skewness       .4564549
99%           25             25       Kurtosis       2.225576

. summarize x, meanonly

. display r(mean) " " r(N)
15.777778 9

. summarize x y, format separator(1)

    Variable |        Obs        Mean    Std. Dev.       Min        Max
-------------+---------------------------------------------------------
           x |          9    15.77778    5.739725          9         25
-------------+---------------------------------------------------------
           y |         10         5.2    1.656636        2.8        7.7

. by grupo, sort: summarize x

---------------------------------------------------------------------------------------------------------------------------------------------------------------------------------------------------------------------------------------------------------------
-> grupo = 1

    Variable |        Obs        Mean    Std. Dev.       Min        Max
-------------+---------------------------------------------------------
           x |          5        11.4    2.302173          9         15

---------------------------------------------------------------------------------------------------------------------------------------------------------------------------------------------------------------------------------------------------------------
-> grupo = 2

    Variable |        Obs        Mean    Std. Dev.       Min        Max
-------------+---------------------------------------------------------
           x |          4       21.25    2.986079         18         25


. ci x y

    Variable |        Obs        Mean    Std. Err.       [95% Conf. Interval]
-------------+---------------------------------------------------------------
           x |          9    15.77778    1.913242        11.36583    20.18972
           y |         10         5.2    .5238744        4.014914    6.385086

. ci x, level(90)

    Variable |        Obs        Mean    Std. Err.       [90% Conf. Interval]
-------------+---------------------------------------------------------------
           x |          9    15.77778    1.913242        12.22001    19.33554

. ttest x == 15

One-sample t test
------------------------------------------------------------------------------
Variable |     Obs        Mean    Std. Err.   Std. Dev.   [95% Conf. Interval]
---------+--------------------------------------------------------------------
       x |       9    15.77778    1.913242    5.739725    11.36583    20.18972
------------------------------------------------------------------------------
    mean = mean(x)                                                t =   0.4065
Ho: mean = 15                                    degrees of freedom =        8

    Ha: mean < 15               Ha: mean != 15                 Ha: mean > 15
 Pr(T < t) = 0.6525         Pr(|T| > |t|) = 0.6950          Pr(T > t) = 0.3475

. ttest x, by(grupo)

Two-sample t test with equal variances
------------------------------------------------------------------------------
   Group |     Obs        Mean    Std. Err.   Std. Dev.   [95% Conf. Interval]
---------+--------------------------------------------------------------------
       1 |       5        11.4    1.029563    2.302173    8.541475    14.25853
       2 |       4       21.25    1.493039    2.986079    16.49848    26.00152
---------+--------------------------------------------------------------------
combined |       9    15.77778    1.913242    5.739725    11.36583    20.18972
---------+--------------------------------------------------------------------
    diff |               -9.85    1.755705               -14.00158   -5.698417
------------------------------------------------------------------------------
    diff = mean(1) - mean(2)                                      t =  -5.6103
Ho: diff = 0                                     degrees of freedom =        7

    Ha: diff < 0                 Ha: diff != 0                 Ha: diff > 0
 Pr(T < t) = 0.0004         Pr(|T| > |t|) = 0.0008          Pr(T > t) = 0.9996

. ttest x, by(grupo) unequal

Two-sample t test with unequal variances
------------------------------------------------------------------------------
   Group |     Obs        Mean    Std. Err.   Std. Dev.   [95% Conf. Interval]
---------+--------------------------------------------------------------------
       1 |       5        11.4    1.029563    2.302173    8.541475    14.25853
       2 |       4       21.25    1.493039    2.986079    16.49848    26.00152
---------+--------------------------------------------------------------------
combined |       9    15.77778    1.913242    5.739725    11.36583    20.18972
---------+--------------------------------------------------------------------
    diff |               -9.85    1.813606               -14.36903   -5.330965
------------------------------------------------------------------------------
    diff = mean(1) - mean(2)                                      t =  -5.4312
Ho: diff = 0                     Satterthwaite's degrees of freedom =  5.58439

    Ha: diff < 0                 Ha: diff != 0                 Ha: diff > 0
 Pr(T < t) = 0.0010         Pr(|T| > |t|) = 0.0020          Pr(T > t) = 0.9990

. ttest x == y

Paired t test
------------------------------------------------------------------------------
Variable |     Obs        Mean    Std. Err.   Std. Dev.   [95% Conf. Interval]
---------+--------------------------------------------------------------------
       x |       9    15.77778    1.913242    5.739725    11.36583    20.18972
       y |       9         5.1    .5749396    1.724819    3.774187    6.425813
---------+--------------------------------------------------------------------
    diff |       9    10.67778    1.342446    4.027337    7.582092    13.77346
------------------------------------------------------------------------------
     mean(diff) = mean(x - y)                                     t =   7.9540
 Ho: mean(diff) = 0                              degrees of freedom =        8

 Ha: mean(diff) < 0           Ha: mean(diff) != 0           Ha: mean(diff) > 0
 Pr(T < t) = 1.0000         Pr(|T| > |t|) = 0.0000          Pr(T > t) = 0.0000

. gen d = grupo == 1

. prtest d == .5

One-sample test of proportion                      d: Number of obs =       10
------------------------------------------------------------------------------
    Variable |       Mean   Std. Err.                     [95% Conf. Interval]
-------------+----------------------------------------------------------------
           d |         .5   .1581139                      .1901025    .8098975
------------------------------------------------------------------------------
    p = proportion(d)                                             z =   0.0000
Ho: p = 0.5

     Ha: p < 0.5                 Ha: p != 0.5                   Ha: p > 0.5
 Pr(Z < z) = 0.5000         Pr(|Z| > |z|) = 1.0000          Pr(Z > z) = 0.5000

. capture noisily prtest grupo == .5
grupo is not a 0/1 variable

. correlate x y
(obs=9)

             |        x        y
-------------+------------------
           x |   1.0000
           y |   0.9950   1.0000


. correlate x y, covariance
(obs=9)

             |        x        y
-------------+------------------
           x |  32.9444
           y |     9.85    2.975


. pwcorr x y peso, sig obs

             |        x        y     peso
-------------+---------------------------
           x |   1.0000 
             |
             |        9
             |
           y |   0.9950   1.0000 
             |   0.0000
             |        9       10
             |
        peso |  -0.0933   0.0095   1.0000 
             |   0.8114   0.9793
             |        9       10       10
             |

. centile x, centile(25 50 75)

                                                       -- Binom. Interp. --
    Variable |       Obs  Percentile    Centile        [95% Conf. Interval]
-------------+-------------------------------------------------------------
           x |         9         25        10.5               9    16.84374*
             |                   50          15        10.07778    21.84444
             |                   75          21        13.15626          25*

* Lower (upper) confidence limit held at minimum (maximum) of sample

. pctile p = x, nq(4)

. list p in 1/4

     +----+
     |  p |
     |----|
  1. | 11 |
  2. | 15 |
  3. | 20 |
  4. |  . |
     +----+

. xtile q = x, nq(3)

. * o sort do Stata desempata ao acaso (set sortseed): ordena por x antes de listar
. sort grupo x

. list x q

     +--------+
     |  x   q |
     |--------|
  1. |  9   1 |
  2. | 10   1 |
  3. | 11   1 |
  4. | 12   2 |
  5. | 15   2 |
     |--------|
  6. | 18   2 |
  7. | 20   3 |
  8. | 22   3 |
  9. | 25   3 |
 10. |  .   . |
     +--------+

. tabstat x y, stats(mean sd min max n) by(grupo)

Summary statistics: mean, sd, min, max, N
  by categories of: grupo 

   grupo |         x         y
---------+--------------------
       1 |      11.4       3.8
         |  2.302173  .8514693
         |         9       2.8
         |        15         5
         |         5         5
---------+--------------------
       2 |     21.25       6.6
         |  2.986079  .7416198
         |        18       5.9
         |        25       7.7
         |         4         5
---------+--------------------
   Total |  15.77778       5.2
         |  5.739725  1.656636
         |         9       2.8
         |        25       7.7
         |         9        10
------------------------------

. tabstat x y, statistics(p25 p50 p75) columns(statistics)

    variable |       p25       p50       p75
-------------+------------------------------
           x |        11        15        20
           y |       3.9      5.45       6.3
--------------------------------------------

. 
end of do-file
      name:  <unnamed>
       log:  /Users/yaskepalhares/opendta/compat/expected/0301_summarize.log
  log type:  text
 closed on:   9 Oct 2026, 00:51:08
---------------------------------------------------------------------------------------------------------------------------------------------------------------------------------------------------------------------------------------------------------------
