---------------------------------------------------------------------------------------------------------------------------------------------------------------------------------------------------------------------------------------------------------------
      name:  <unnamed>
       log:  /Users/yaskepalhares/opendta/compat/expected/0302_tabulate.log
  log type:  text
 opened on:   9 Oct 2026, 00:51:08

. * Fase 3a: tabulate (uma e duas vias), tab1, tab2, table.
. clear

. input sexo resp str5 regiao

          sexo       resp     regiao
  1. 1 1 "norte"
  2. 1 2 "sul"
  3. 2 1 "norte"
  4. 2 2 "sul"
  5. 1 1 "sul"
  6. 2 3 "norte"
  7. 1 . "sul"
  8. 2 2 "norte"
  9. 1 3 "sul"
 10. 2 1 "sul"
 11. end

. label define sx 1 "masc" 2 "fem"

. label values sexo sx

. tabulate sexo

       sexo |      Freq.     Percent        Cum.
------------+-----------------------------------
       masc |          5       50.00       50.00
        fem |          5       50.00      100.00
------------+-----------------------------------
      Total |         10      100.00

. tabulate resp, missing

       resp |      Freq.     Percent        Cum.
------------+-----------------------------------
          1 |          4       40.00       40.00
          2 |          3       30.00       70.00
          3 |          2       20.00       90.00
          . |          1       10.00      100.00
------------+-----------------------------------
      Total |         10      100.00

. tabulate regiao, sort

     regiao |      Freq.     Percent        Cum.
------------+-----------------------------------
        sul |          6       60.00       60.00
      norte |          4       40.00      100.00
------------+-----------------------------------
      Total |         10      100.00

. tabulate sexo resp

           |               resp
      sexo |         1          2          3 |     Total
-----------+---------------------------------+----------
      masc |         2          1          1 |         4 
       fem |         2          2          1 |         5 
-----------+---------------------------------+----------
     Total |         4          3          2 |         9 


. tabulate sexo resp, row col cell

+-------------------+
| Key               |
|-------------------|
|     frequency     |
|  row percentage   |
| column percentage |
|  cell percentage  |
+-------------------+

           |               resp
      sexo |         1          2          3 |     Total
-----------+---------------------------------+----------
      masc |         2          1          1 |         4 
           |     50.00      25.00      25.00 |    100.00 
           |     50.00      33.33      50.00 |     44.44 
           |     22.22      11.11      11.11 |     44.44 
-----------+---------------------------------+----------
       fem |         2          2          1 |         5 
           |     40.00      40.00      20.00 |    100.00 
           |     50.00      66.67      50.00 |     55.56 
           |     22.22      22.22      11.11 |     55.56 
-----------+---------------------------------+----------
     Total |         4          3          2 |         9 
           |     44.44      33.33      22.22 |    100.00 
           |    100.00     100.00     100.00 |    100.00 
           |     44.44      33.33      22.22 |    100.00 


. tabulate sexo resp, chi2 lrchi2 V exact

Enumerating sample-space combinations:
stage 3:  enumerations = 1
stage 2:  enumerations = 0
stage 1:  enumerations = 0

           |               resp
      sexo |         1          2          3 |     Total
-----------+---------------------------------+----------
      masc |         2          1          1 |         4 
       fem |         2          2          1 |         5 
-----------+---------------------------------+----------
     Total |         4          3          2 |         9 

          Pearson chi2(2) =   0.2250   Pr = 0.894
 likelihood-ratio chi2(2) =   0.2285   Pr = 0.892
               Cramér's V =   0.1581
           Fisher's exact =                 1.000

. tabulate sexo resp, expected nofreq

           |               resp
      sexo |         1          2          3 |     Total
-----------+---------------------------------+----------
      masc |       1.8        1.3        0.9 |       4.0 
       fem |       2.2        1.7        1.1 |       5.0 
-----------+---------------------------------+----------
     Total |       4.0        3.0        2.0 |       9.0 


. tabulate sexo resp, gamma taub

           |               resp
      sexo |         1          2          3 |     Total
-----------+---------------------------------+----------
      masc |         2          1          1 |         4 
       fem |         2          2          1 |         5 
-----------+---------------------------------+----------
     Total |         4          3          2 |         9 

                    gamma =   0.0769  ASE = 0.563
          Kendall's tau-b =   0.0439  ASE = 0.321

. tabulate sexo, generate(d_)

       sexo |      Freq.     Percent        Cum.
------------+-----------------------------------
       masc |          5       50.00       50.00
        fem |          5       50.00      100.00
------------+-----------------------------------
      Total |         10      100.00

. describe d_*

              storage   display    value
variable name   type    format     label      variable label
---------------------------------------------------------------------------------------------------------------------------------------------------------------------------------------------------------------------------------------------------------------
d_1             byte    %8.0g                 sexo==masc
d_2             byte    %8.0g                 sexo==fem

. tabulate sexo, matcell(F) matrow(R)

       sexo |      Freq.     Percent        Cum.
------------+-----------------------------------
       masc |          5       50.00       50.00
        fem |          5       50.00      100.00
------------+-----------------------------------
      Total |         10      100.00

. matrix list F

F[2,1]
    c1
r1   5
r2   5

. tab1 sexo regiao

-> tabulation of sexo  

       sexo |      Freq.     Percent        Cum.
------------+-----------------------------------
       masc |          5       50.00       50.00
        fem |          5       50.00      100.00
------------+-----------------------------------
      Total |         10      100.00

-> tabulation of regiao  

     regiao |      Freq.     Percent        Cum.
------------+-----------------------------------
      norte |          4       40.00       40.00
        sul |          6       60.00      100.00
------------+-----------------------------------
      Total |         10      100.00

. tab2 sexo resp regiao

-> tabulation of sexo by resp  

           |               resp
      sexo |         1          2          3 |     Total
-----------+---------------------------------+----------
      masc |         2          1          1 |         4 
       fem |         2          2          1 |         5 
-----------+---------------------------------+----------
     Total |         4          3          2 |         9 


-> tabulation of sexo by regiao  

           |        regiao
      sexo |     norte        sul |     Total
-----------+----------------------+----------
      masc |         1          4 |         5 
       fem |         3          2 |         5 
-----------+----------------------+----------
     Total |         4          6 |        10 


-> tabulation of resp by regiao  

           |        regiao
      resp |     norte        sul |     Total
-----------+----------------------+----------
         1 |         2          2 |         4 
         2 |         1          2 |         3 
         3 |         1          1 |         2 
-----------+----------------------+----------
     Total |         4          5 |         9 


. table sexo resp

----------------------------
          |       resp      
     sexo |    1     2     3
----------+-----------------
     masc |    2     1     1
      fem |    2     2     1
----------------------------

. table sexo, contents(freq mean resp)

----------------------------------
     sexo |      Freq.  mean(resp)
----------+-----------------------
     masc |          5        1.75
      fem |          5         1.8
----------------------------------

. 
end of do-file
      name:  <unnamed>
       log:  /Users/yaskepalhares/opendta/compat/expected/0302_tabulate.log
  log type:  text
 closed on:   9 Oct 2026, 00:51:08
---------------------------------------------------------------------------------------------------------------------------------------------------------------------------------------------------------------------------------------------------------------
