---------------------------------------------------------------------------------------------------------------------------------------------------------------------------------------------------------------------------------------------------------------
      name:  <unnamed>
       log:  /Users/yaskepalhares/opendta/compat/expected/0303_egen.log
  log type:  text
 opened on:   8 Oct 2026, 20:55:23

. * Fase 3b: egen (funções de grupo e de linha).
. clear

. input g x y str4 s

             g          x          y          s
  1. 1 2 5 "a b"
  2. 1 4 . "c"
  3. 1 . 7 "d e"
  4. 2 8 1 "f"
  5. 2 6 2 "g h"
  6. 2 6 3 "i"
  7. end

. egen m = mean(x), by(g)

. egen sd = sd(x), by(g)

. egen n = count(x), by(g)

. egen t = total(x)

. egen md = median(x)

. egen p25 = pctile(x), p(25)

. egen mo = mode(x)

. egen r = rank(x)
(1 missing value generated)

. egen rf = rank(x), field
(1 missing value generated)

. egen z = std(x)
(1 missing value generated)

. egen grp = group(g y)
(1 missing value generated)

. egen tg = tag(g)

. egen sq = seq(), by(g)

. egen f = fill(10 20)

. egen ct = cut(x), at(0 5 10)
(1 missing value generated)

. egen cg = cut(x), group(2)
(1 missing value generated)

. egen rm = rowmean(x y)

. egen rt = rowtotal(x y)

. egen rn = rownonmiss(x y)

. egen rmax = rowmax(x y)

. egen ac = anycount(x y), values(6 7)

. egen cc = concat(g s), punct(-)

. egen e1 = ends(s)

. egen e2 = ends(s), last

. list, abbreviate(4)

     +--------------------------------------------------------------------------------------------------------------------------------------------------------------------+
     | g   x   y     s          m         sd   n    t   md   p25   mo     r   rf           z   grp   tg   sq    f   ct   cg    rm   rt   rn   rmax   ac      cc   e1   e2 |
     |--------------------------------------------------------------------------------------------------------------------------------------------------------------------|
  1. | 1   2   5   a b          3   1.414214   2   26    6     4    6     1    5   -1.403293     1    1    1   10    0    0   3.5    7    2      5    0   1-a b    a    b |
  2. | 1   4   .     c          3   1.414214   2   26    6     4    6     2    4   -.5262348     .    0    2   20    0    0     4    4    1      4    0     1-c    c    c |
  3. | 1   .   7   d e          3   1.414214   2   26    6     4    6     .    .           .     2    0    3   30    .    .     7    7    1      7    1   1-d e    d    e |
  4. | 2   8   1     f   6.666667   1.154701   3   26    6     4    6     5    1    1.227881     3    1    1   40    5    1   4.5    9    2      8    0     2-f    f    f |
  5. | 2   6   2   g h   6.666667   1.154701   3   26    6     4    6   3.5    2    .3508232     4    0    2   50    5    1     4    8    2      6    1   2-g h    g    h |
     |--------------------------------------------------------------------------------------------------------------------------------------------------------------------|
  6. | 2   6   3     i   6.666667   1.154701   3   26    6     4    6   3.5    2    .3508232     5    0    3   60    5    1   4.5    9    2      6    1     2-i    i    i |
     +--------------------------------------------------------------------------------------------------------------------------------------------------------------------+

. describe

Contains data
  obs:             6                          
 vars:            28                          
 size:           594                          
---------------------------------------------------------------------------------------------------------------------------------------------------------------------------------------------------------------------------------------------------------------
              storage   display    value
variable name   type    format     label      variable label
---------------------------------------------------------------------------------------------------------------------------------------------------------------------------------------------------------------------------------------------------------------
g               float   %9.0g                 
x               float   %9.0g                 
y               float   %9.0g                 
s               str4    %9s                   
m               float   %9.0g                 
sd              float   %9.0g                 
n               float   %9.0g                 
t               float   %9.0g                 
md              float   %9.0g                 
p25             float   %9.0g                 
mo              float   %9.0g                 
r               float   %9.0g                 rank of (x)
rf              float   %9.0g                 field rank of (x)
z               float   %9.0g                 Standardized values of (x)
grp             float   %9.0g                 group(g y)
tg              byte    %8.0g                 tag(g)
sq              byte    %8.0g                 
f               float   %9.0g                 
ct              float   %9.0g                 
cg              float   %9.0g                 
rm              float   %9.0g                 
rt              float   %9.0g                 
rn              float   %9.0g                 
rmax            float   %9.0g                 
ac              byte    %8.0g                 x y == 6 7
cc              str6    %9s                   
e1              str1    %9s                   
e2              str1    %9s                   
---------------------------------------------------------------------------------------------------------------------------------------------------------------------------------------------------------------------------------------------------------------
Sorted by: 
     Note: Dataset has changed since last saved.

. bysort g: egen mx = max(y)

. list g y mx

     +------------+
     | g   y   mx |
     |------------|
  1. | 1   5    7 |
  2. | 1   .    7 |
  3. | 1   7    7 |
  4. | 2   1    3 |
  5. | 2   2    3 |
     |------------|
  6. | 2   3    3 |
     +------------+

. capture noisily egen m = mean(x)
variable m already defined

. capture noisily egen q = naoexiste(x)
unknown egen function naoexiste()

. 
end of do-file
      name:  <unnamed>
       log:  /Users/yaskepalhares/opendta/compat/expected/0303_egen.log
  log type:  text
 closed on:   8 Oct 2026, 20:55:23
---------------------------------------------------------------------------------------------------------------------------------------------------------------------------------------------------------------------------------------------------------------
