---------------------------------------------------------------------------------------------------------------------------------------------------------------------------------------------------------------------------------------------------------------
      name:  <unnamed>
       log:  /Users/yaskepalhares/opendta/compat/expected/0304_collapse.log
  log type:  text
 opened on:   8 Oct 2026, 20:55:23

. * Fase 3b: collapse, contract, expand, fillin.
. clear

. input g h x w

             g          h          x          w
  1. 1 1 10 1
  2. 1 2 12 2
  3. 1 1 . 1
  4. 2 1 20 3
  5. 2 2 25 1
  6. 2 2 30 2
  7. end

. label variable x "Renda"

. preserve

. collapse (mean) mx=x (sd) sx=x (count) n=x (sum) s=x (min) lo=x (max) hi=x (p50) md=x, by(g)

. list

     +-------------------------------------------+
     | g   mx         sx   n    s   lo   hi   md |
     |-------------------------------------------|
  1. | 1   11   1.414214   2   22   10   12   11 |
  2. | 2   25          5   3   75   20   30   25 |
     +-------------------------------------------+

. describe

Contains data
  obs:             2                          
 vars:             8                          
 size:            72                          
---------------------------------------------------------------------------------------------------------------------------------------------------------------------------------------------------------------------------------------------------------------
              storage   display    value
variable name   type    format     label      variable label
---------------------------------------------------------------------------------------------------------------------------------------------------------------------------------------------------------------------------------------------------------------
g               float   %9.0g                 
mx              float   %9.0g                 (mean) x
sx              float   %9.0g                 (sd) x
n               long    %9.0g                 (count) x
s               double  %9.0g                 (sum) x
lo              float   %9.0g                 (min) x
hi              float   %9.0g                 (max) x
md              float   %9.0g                 (p 50) x
---------------------------------------------------------------------------------------------------------------------------------------------------------------------------------------------------------------------------------------------------------------
Sorted by: g
     Note: Dataset has changed since last saved.

. restore

. preserve

. collapse x [fw=w], by(g h)

. list

     +------------------+
     | g   h          x |
     |------------------|
  1. | 1   1         10 |
  2. | 1   2         12 |
  3. | 2   1         20 |
  4. | 2   2   28.33333 |
     +------------------+

. restore

. preserve

. collapse (first) f=x (last) l=x (firstnm) fn=x (lastnm) ln=x (percent) pc=x, by(g)

. list

     +----------------------------+
     | g    f    l   fn   ln   pc |
     |----------------------------|
  1. | 1   10    .   10   12   40 |
  2. | 2   20   30   20   30   60 |
     +----------------------------+

. restore

. preserve

. contract g h

. list

     +---------------+
     | g   h   _freq |
     |---------------|
  1. | 1   1       2 |
  2. | 1   2       1 |
  3. | 2   1       1 |
  4. | 2   2       2 |
     +---------------+

. restore

. preserve

. contract g h, freq(n) percent(pct) cfreq(cf) cpercent(cpct) zero

. list

     +---------------------------------+
     | g   h   n   cf     pct     cpct |
     |---------------------------------|
  1. | 1   1   2    2   33.33    33.33 |
  2. | 1   2   1    3   16.67    50.00 |
  3. | 2   1   1    4   16.67    66.67 |
  4. | 2   2   2    6   33.33   100.00 |
     +---------------------------------+

. describe

Contains data
  obs:             4                          
 vars:             6                          
 size:           104                          
---------------------------------------------------------------------------------------------------------------------------------------------------------------------------------------------------------------------------------------------------------------
              storage   display    value
variable name   type    format     label      variable label
---------------------------------------------------------------------------------------------------------------------------------------------------------------------------------------------------------------------------------------------------------------
g               float   %9.0g                 
h               float   %9.0g                 
n               byte    %12.0g                Frequency
cf              byte    %10.0g                Cumulative frequency
pct             double  %8.2f                 Percent
cpct            double  %8.2f                 Cumulative percent
---------------------------------------------------------------------------------------------------------------------------------------------------------------------------------------------------------------------------------------------------------------
Sorted by: g  h
     Note: Dataset has changed since last saved.

. restore

. preserve

. expand w
(4 observations created)

. list g x w

     +------------+
     | g    x   w |
     |------------|
  1. | 1   10   1 |
  2. | 1   12   2 |
  3. | 1    .   1 |
  4. | 2   20   3 |
  5. | 2   25   1 |
     |------------|
  6. | 2   30   2 |
  7. | 1   12   2 |
  8. | 2   20   3 |
  9. | 2   20   3 |
 10. | 2   30   2 |
     +------------+

. expand 2 if g == 1, generate(novo)
(4 observations created)

. list g x novo

     +---------------+
     | g    x   novo |
     |---------------|
  1. | 1   10      0 |
  2. | 1   12      0 |
  3. | 1    .      0 |
  4. | 2   20      0 |
  5. | 2   25      0 |
     |---------------|
  6. | 2   30      0 |
  7. | 1   12      0 |
  8. | 2   20      0 |
  9. | 2   20      0 |
 10. | 2   30      0 |
     |---------------|
 11. | 1   10      1 |
 12. | 1   12      1 |
 13. | 1    .      1 |
 14. | 1   12      1 |
     +---------------+

. restore

. drop if g == 2 & h == 1
(1 observation deleted)

. fillin g h

. list

     +--------------------------+
     | g   h    x   w   _fillin |
     |--------------------------|
  1. | 1   1    .   1         0 |
  2. | 1   1   10   1         0 |
  3. | 1   2   12   2         0 |
  4. | 2   1    .   .         1 |
  5. | 2   2   25   1         0 |
     |--------------------------|
  6. | 2   2   30   2         0 |
     +--------------------------+

. 
end of do-file
      name:  <unnamed>
       log:  /Users/yaskepalhares/opendta/compat/expected/0304_collapse.log
  log type:  text
 closed on:   8 Oct 2026, 20:55:23
---------------------------------------------------------------------------------------------------------------------------------------------------------------------------------------------------------------------------------------------------------------
