---------------------------------------------------------------------------------------------------------------------------------------------------------------------------------------------------------------------------------------------------------------
      name:  <unnamed>
       log:  /Users/yaskepalhares/opendta/compat/expected/0305_reshape.log
  log type:  text
 opened on:   9 Oct 2026, 10:27:09

. * Fase 3b: reshape long/wide.
. clear

. input id sexo inc80 inc81 inc82 ue80 ue81 ue82

            id       sexo      inc80      inc81      inc82       ue80       ue81       ue82
  1. 1 0 5000 5500 6000 0 1 0
  2. 2 1 2000 2200 3300 1 0 0
  3. 3 0 3000 2000 1000 0 0 1
  4. end

. reshape long inc ue, i(id) j(ano)
(note: j = 80 81 82)

Data                               wide   ->   long
-----------------------------------------------------------------------------
Number of obs.                        3   ->       9
Number of variables                   8   ->       5
j variable (3 values)                     ->   ano
xij variables:
                      inc80 inc81 inc82   ->   inc
                         ue80 ue81 ue82   ->   ue
-----------------------------------------------------------------------------

. list, sep(3)

     +-----------------------------+
     | id   ano   sexo    inc   ue |
     |-----------------------------|
  1. |  1    80      0   5000    0 |
  2. |  1    81      0   5500    1 |
  3. |  1    82      0   6000    0 |
     |-----------------------------|
  4. |  2    80      1   2000    1 |
  5. |  2    81      1   2200    0 |
  6. |  2    82      1   3300    0 |
     |-----------------------------|
  7. |  3    80      0   3000    0 |
  8. |  3    81      0   2000    0 |
  9. |  3    82      0   1000    1 |
     +-----------------------------+

. describe

Contains data
  obs:             9                          
 vars:             5                          
 size:           153                          
---------------------------------------------------------------------------------------------------------------------------------------------------------------------------------------------------------------------------------------------------------------
              storage   display    value
variable name   type    format     label      variable label
---------------------------------------------------------------------------------------------------------------------------------------------------------------------------------------------------------------------------------------------------------------
id              float   %9.0g                 
ano             byte    %9.0g                 
sexo            float   %9.0g                 
inc             float   %9.0g                 
ue              float   %9.0g                 
---------------------------------------------------------------------------------------------------------------------------------------------------------------------------------------------------------------------------------------------------------------
Sorted by: id  ano
     Note: Dataset has changed since last saved.

. reshape wide
(note: j = 80 81 82)

Data                               long   ->   wide
-----------------------------------------------------------------------------
Number of obs.                        9   ->       3
Number of variables                   5   ->       8
j variable (3 values)               ano   ->   (dropped)
xij variables:
                                    inc   ->   inc80 inc81 inc82
                                     ue   ->   ue80 ue81 ue82
-----------------------------------------------------------------------------

. list

     +--------------------------------------------------------+
     | id   inc80   ue80   inc81   ue81   inc82   ue82   sexo |
     |--------------------------------------------------------|
  1. |  1    5000      0    5500      1    6000      0      0 |
  2. |  2    2000      1    2200      0    3300      0      1 |
  3. |  3    3000      0    2000      0    1000      1      0 |
     +--------------------------------------------------------+

. describe

Contains data
  obs:             3                          
 vars:             8                          
 size:            96                          
---------------------------------------------------------------------------------------------------------------------------------------------------------------------------------------------------------------------------------------------------------------
              storage   display    value
variable name   type    format     label      variable label
---------------------------------------------------------------------------------------------------------------------------------------------------------------------------------------------------------------------------------------------------------------
id              float   %9.0g                 
inc80           float   %9.0g                 80 inc
ue80            float   %9.0g                 80 ue
inc81           float   %9.0g                 81 inc
ue81            float   %9.0g                 81 ue
inc82           float   %9.0g                 82 inc
ue82            float   %9.0g                 82 ue
sexo            float   %9.0g                 
---------------------------------------------------------------------------------------------------------------------------------------------------------------------------------------------------------------------------------------------------------------
Sorted by: id
     Note: Dataset has changed since last saved.

. reshape long inc, i(id) j(ano)
(note: j = 80 81 82)

Data                               wide   ->   long
-----------------------------------------------------------------------------
Number of obs.                        3   ->       9
Number of variables                   8   ->       7
j variable (3 values)                     ->   ano
xij variables:
                      inc80 inc81 inc82   ->   inc
-----------------------------------------------------------------------------

. list

     +---------------------------------------------+
     | id   ano   ue80   ue81    inc   ue82   sexo |
     |---------------------------------------------|
  1. |  1    80      0      1   5000      0      0 |
  2. |  1    81      0      1   5500      0      0 |
  3. |  1    82      0      1   6000      0      0 |
  4. |  2    80      1      0   2000      0      1 |
  5. |  2    81      1      0   2200      0      1 |
     |---------------------------------------------|
  6. |  2    82      1      0   3300      0      1 |
  7. |  3    80      0      0   3000      1      0 |
  8. |  3    81      0      0   2000      1      0 |
  9. |  3    82      0      0   1000      1      0 |
     +---------------------------------------------+

. clear

. input id str3 tipo valor

            id       tipo      valor
  1. 1 "a" 10
  2. 1 "b" 20
  3. 2 "a" 30
  4. end

. reshape wide valor, i(id) j(tipo) string
(note: j = a b)

Data                               long   ->   wide
-----------------------------------------------------------------------------
Number of obs.                        3   ->       2
Number of variables                   3   ->       3
j variable (2 values)              tipo   ->   (dropped)
xij variables:
                                  valor   ->   valora valorb
-----------------------------------------------------------------------------

. list

     +----------------------+
     | id   valora   valorb |
     |----------------------|
  1. |  1       10       20 |
  2. |  2       30        . |
     +----------------------+

. reshape long valor, i(id) j(tipo) string
(note: j = a b)

Data                               wide   ->   long
-----------------------------------------------------------------------------
Number of obs.                        2   ->       4
Number of variables                   3   ->       3
j variable (2 values)                     ->   tipo
xij variables:
                          valora valorb   ->   valor
-----------------------------------------------------------------------------

. list

     +-------------------+
     | id   tipo   valor |
     |-------------------|
  1. |  1      a      10 |
  2. |  1      b      20 |
  3. |  2      a      30 |
  4. |  2      b       . |
     +-------------------+

. clear

. input id x1 x2

            id         x1         x2
  1. 1 5 6
  2. 1 7 8
  3. end

. capture noisily reshape long x, i(id) j(t)
(note: j = 1 2)
variable id does not uniquely identify the observations
    Your data are currently wide.  You are performing a reshape long.  You specified i(id) and j(t).  In the current wide form, variable id should uniquely identify the observations.  Remember this picture:

         long                                wide
        +---------------+                   +------------------+
        | i   j   a   b |                   | i   a1 a2  b1 b2 |
        |---------------| <--- reshape ---> |------------------|
        | 1   1   1   2 |                   | 1   1   3   2  4 |
        | 1   2   3   4 |                   | 2   5   7   6  8 |
        | 2   1   5   6 |                   +------------------+
        | 2   2   7   8 |
        +---------------+
    Type reshape error for a list of the problem observations.

. clear

. input id t x z

            id          t          x          z
  1. 1 1 5 0
  2. 1 2 6 1
  3. end

. capture noisily reshape wide x, i(id) j(t)
(note: j = 1 2)
variable z not constant within id
    Your data are currently long.  You are performing a reshape wide.  You typed something like

        . reshape wide a b, i(id) j(t)

    There are variables other than a, b, id, t in your data.  They must be constant within id because that is the only way they can fit into wide data without loss of information.

    The variable or variables listed above are not constant within id.  Perhaps the values are in error.  Type reshape error for a list of the problem observations.

    Either that, or the values vary because they should vary, in which case you must either add the variables to the list of xij variables to be reshaped, or drop them.

. 
end of do-file
      name:  <unnamed>
       log:  /Users/yaskepalhares/opendta/compat/expected/0305_reshape.log
  log type:  text
 closed on:   9 Oct 2026, 10:27:09
---------------------------------------------------------------------------------------------------------------------------------------------------------------------------------------------------------------------------------------------------------------
