---------------------------------------------------------------------------------------------------------------------------------------------------------------------------------------------------------------------------------------------------------------
      name:  <unnamed>
       log:  /Users/yaskepalhares/opendta/compat/expected/0306_utilitarios_dados.log
  log type:  text
 opened on:   9 Oct 2026, 10:27:08

. * Fase 3c: duplicates, isid, levelsof, encode/decode, destring/tostring, split,
. * mvencode/mvdecode e recode.
. clear

. input str8 nome x str6 v

          nome          x          v
  1. "ana" 1 "10"
  2. "bia" 2 "2,5"
  3. "ana" 1 "$30"
  4. "caio" 3 "abc"
  5. "ana" 1 "7"
  6. end

. duplicates report

Duplicates in terms of all variables

--------------------------------------
   copies | observations       surplus
----------+---------------------------
        1 |            5             0
--------------------------------------

. duplicates report nome x

Duplicates in terms of nome x

--------------------------------------
   copies | observations       surplus
----------+---------------------------
        1 |            2             0
        3 |            3             2
--------------------------------------

. duplicates examples nome

Duplicates in terms of nome

  +---------------------+
  | #   e.g. obs   nome |
  |---------------------|
  | 3          1    ana |
  +---------------------+

. duplicates list nome x

Duplicates in terms of nome x

  +-----------------+
  | obs:   nome   x |
  |-----------------|
  |    1    ana   1 |
  |    3    ana   1 |
  |    5    ana   1 |
  +-----------------+

. duplicates tag nome, generate(dup)

Duplicates in terms of nome

. list

     +----------------------+
     | nome   x     v   dup |
     |----------------------|
  1. |  ana   1    10     2 |
  2. |  bia   2   2,5     0 |
  3. |  ana   1   $30     2 |
  4. | caio   3   abc     0 |
  5. |  ana   1     7     2 |
     +----------------------+

. capture noisily isid nome
variable nome does not uniquely identify the observations

. isid nome v

. levelsof nome
`"ana"' `"bia"' `"caio"'

. levelsof x
1 2 3

. levelsof nome, clean separate(", ")
ana, bia, caio

. display "`r(levels)'"
ana, bia, caio

. encode nome, generate(cod)

. label list cod
cod:
           1 ana
           2 bia
           3 caio

. decode cod, generate(nome2)

. describe cod nome2

              storage   display    value
variable name   type    format     label      variable label
---------------------------------------------------------------------------------------------------------------------------------------------------------------------------------------------------------------------------------------------------------------
cod             long    %8.0g      cod        
nome2           str4    %9s                   

. destring v, generate(n1)
v contains nonnumeric characters; no generate

. destring v, generate(n1) ignore("$,")
v contains characters not specified in ignore(); no generate

. destring v, replace force
v contains nonnumeric characters; v replaced as byte
(3 missing values generated)

. tostring x, replace
x was float now str1

. tostring x, replace
x already string; no replace

. split nome2, parse(n) generate(pp)
variables created as string: 
pp1  pp2

. recode cod (1=10 "um") (2/3=20) (else=.), generate(rc)
(5 differences between cod and rc)

. label list rc
rc:
          10 um

. recode dup (0=5) (nonmissing=9)
(dup: 5 changes made)

. mvdecode dup, mv(5)
         dup: 2 missing values generated

. mvencode dup, mv(-1)
         dup: 2 missing values recoded

. duplicates drop nome, force

Duplicates in terms of nome

(2 observations deleted)

. list

     +------------------------------------------------------+
     | nome   x    v   dup    cod   nome2    pp1   pp2   rc |
     |------------------------------------------------------|
  1. |  ana   1   10     9    ana     ana      a     a   um |
  2. |  bia   2    .    -1    bia     bia    bia         20 |
  3. | caio   3    .    -1   caio    caio   caio         20 |
     +------------------------------------------------------+

. 
end of do-file
      name:  <unnamed>
       log:  /Users/yaskepalhares/opendta/compat/expected/0306_utilitarios_dados.log
  log type:  text
 closed on:   9 Oct 2026, 10:27:08
---------------------------------------------------------------------------------------------------------------------------------------------------------------------------------------------------------------------------------------------------------------
