---------------------------------------------------------------------------------------------------------------------------------------------------------------------------------------------------------------------------------------------------------------
      name:  <unnamed>
       log:  /Users/yaskepalhares/opendta/compat/expected/0308_merge_append.log
  log type:  text
 opened on:   9 Oct 2026, 00:51:08

. * Fase 3b: append, merge, joinby, cross. Cria e apaga arquivos na pasta atual.
. clear

. input id str5 nome renda

            id       nome      renda
  1. 1 "ana" 10
  2. 2 "bia" .
  3. 3 "caio" 30
  4. 5 "eva" 50
  5. end

. label define sim 1 "um"

. label values id sim

. capture erase odta_m.dta

. save odta_m
file odta_m.dta saved

. clear

. input id renda byte idade

            id      renda     idade
  1. 1 11 20
  2. 2 22 30
  3. 4 44 40
  4. end

. label define sim 1 "one"

. label values id sim

. capture erase odta_u.dta

. save odta_u
file odta_u.dta saved

. use odta_m, clear

. merge 1:1 id using odta_u
(label sim already defined)

    Result                           # of obs.
    -----------------------------------------
    not matched                             3
        from master                         2  (_merge==1)
        from using                          1  (_merge==2)

    matched                                 2  (_merge==3)
    -----------------------------------------

. list

     +---------------------------------------------+
     | id   nome   renda   idade            _merge |
     |---------------------------------------------|
  1. | um    ana      10      20       matched (3) |
  2. |  2    bia       .      30       matched (3) |
  3. |  3   caio      30       .   master only (1) |
  4. |  5    eva      50       .   master only (1) |
  5. |  4             44      40    using only (2) |
     +---------------------------------------------+

. describe

Contains data from odta_m.dta
  obs:             5                          
 vars:             5                          9 Oct 2026 00:51
 size:            75                          
---------------------------------------------------------------------------------------------------------------------------------------------------------------------------------------------------------------------------------------------------------------
              storage   display    value
variable name   type    format     label      variable label
---------------------------------------------------------------------------------------------------------------------------------------------------------------------------------------------------------------------------------------------------------------
id              float   %9.0g      sim        
nome            str5    %9s                   
renda           float   %9.0g                 
idade           byte    %8.0g                 
_merge          byte    %23.0g     _merge     
---------------------------------------------------------------------------------------------------------------------------------------------------------------------------------------------------------------------------------------------------------------
Sorted by: 
     Note: Dataset has changed since last saved.

. use odta_m, clear

. merge 1:1 id using odta_u, update
(label sim already defined)

    Result                           # of obs.
    -----------------------------------------
    not matched                             3
        from master                         2  (_merge==1)
        from using                          1  (_merge==2)

    matched                                 2
        not updated                         0  (_merge==3)
        missing updated                     1  (_merge==4)
        nonmissing conflict                 1  (_merge==5)
    -----------------------------------------

. list

     +-----------------------------------------------------+
     | id   nome   renda   idade                    _merge |
     |-----------------------------------------------------|
  1. | um    ana      10      20   nonmissing conflict (5) |
  2. |  2    bia      22      30       missing updated (4) |
  3. |  3   caio      30       .           master only (1) |
  4. |  5    eva      50       .           master only (1) |
  5. |  4             44      40            using only (2) |
     +-----------------------------------------------------+

. use odta_m, clear

. merge 1:1 id using odta_u, update replace
(label sim already defined)

    Result                           # of obs.
    -----------------------------------------
    not matched                             3
        from master                         2  (_merge==1)
        from using                          1  (_merge==2)

    matched                                 2
        not updated                         0  (_merge==3)
        missing updated                     1  (_merge==4)
        nonmissing conflict                 1  (_merge==5)
    -----------------------------------------

. list

     +-----------------------------------------------------+
     | id   nome   renda   idade                    _merge |
     |-----------------------------------------------------|
  1. | um    ana      11      20   nonmissing conflict (5) |
  2. |  2    bia      22      30       missing updated (4) |
  3. |  3   caio      30       .           master only (1) |
  4. |  5    eva      50       .           master only (1) |
  5. |  4             44      40            using only (2) |
     +-----------------------------------------------------+

. use odta_m, clear

. merge 1:1 id using odta_u, keep(match) keepusing(idade) nogenerate
(label sim already defined)

    Result                           # of obs.
    -----------------------------------------
    not matched                             0
    matched                                 2  
    -----------------------------------------

. list

     +---------------------------+
     | id   nome   renda   idade |
     |---------------------------|
  1. | um    ana      10      20 |
  2. |  2    bia       .      30 |
     +---------------------------+

. use odta_m, clear

. merge 1:1 id using odta_u, generate(origem) noreport
(label sim already defined)

. tab origem

                 origem |      Freq.     Percent        Cum.
------------------------+-----------------------------------
        master only (1) |          2       40.00       40.00
         using only (2) |          1       20.00       60.00
            matched (3) |          2       40.00      100.00
------------------------+-----------------------------------
                  Total |          5      100.00

. use odta_m, clear

. capture noisily merge 1:1 id using odta_u, assert(match)
(label sim already defined)
merge:  after merge, not all observations matched
        (merged result left in memory)

. use odta_m, clear

. append using odta_u, generate(fonte)
(label sim already defined)

. list

     +-----------------------------------+
     | id   nome   renda   fonte   idade |
     |-----------------------------------|
  1. | um    ana      10       0       . |
  2. |  2    bia       .       0       . |
  3. |  3   caio      30       0       . |
  4. |  5    eva      50       0       . |
  5. | um             11       1      20 |
     |-----------------------------------|
  6. |  2             22       1      30 |
  7. |  4             44       1      40 |
     +-----------------------------------+

. describe

Contains data from odta_m.dta
  obs:             7                          
 vars:             5                          9 Oct 2026 00:51
 size:           105                          
---------------------------------------------------------------------------------------------------------------------------------------------------------------------------------------------------------------------------------------------------------------
              storage   display    value
variable name   type    format     label      variable label
---------------------------------------------------------------------------------------------------------------------------------------------------------------------------------------------------------------------------------------------------------------
id              float   %9.0g      sim        
nome            str5    %9s                   
renda           float   %9.0g                 
fonte           byte    %8.0g                 
idade           byte    %8.0g                 
---------------------------------------------------------------------------------------------------------------------------------------------------------------------------------------------------------------------------------------------------------------
Sorted by: 
     Note: Dataset has changed since last saved.

. clear

. input byte v

            v
  1. 1
  2. end

. capture erase odta_a.dta

. save odta_a
file odta_a.dta saved

. clear

. input v

             v
  1. 1.5
  2. end

. append using odta_a

. describe

Contains data
  obs:             2                          
 vars:             1                          
 size:             8                          
---------------------------------------------------------------------------------------------------------------------------------------------------------------------------------------------------------------------------------------------------------------
              storage   display    value
variable name   type    format     label      variable label
---------------------------------------------------------------------------------------------------------------------------------------------------------------------------------------------------------------------------------------------------------------
v               float   %9.0g                 
---------------------------------------------------------------------------------------------------------------------------------------------------------------------------------------------------------------------------------------------------------------
Sorted by: 
     Note: Dataset has changed since last saved.

. clear

. input k str1 a

             k          a
  1. 1 "x"
  2. 1 "y"
  3. 2 "z"
  4. end

. capture erase odta_j.dta

. save odta_j
file odta_j.dta saved

. clear

. input k b

             k          b
  1. 1 10
  2. 1 20
  3. 3 30
  4. end

. joinby k using odta_j

. * dentro de cada k a ordem do joinby também varia de uma execução para outra
. sort k b a

. list

     +------------+
     | k    b   a |
     |------------|
  1. | 1   10   x |
  2. | 1   10   y |
  3. | 1   20   x |
  4. | 1   20   y |
     +------------+

. clear

. input k b

             k          b
  1. 1 10
  2. 3 30
  3. end

. joinby k using odta_j, unmatched(both)

. list

     +--------------------------------------------+
     | k    b                          _merge   a |
     |--------------------------------------------|
  1. | 1   10   both in master and using data   x |
  2. | 1   10   both in master and using data   y |
  3. | 3   30             only in master data     |
  4. | 2    .              only in using data   z |
     +--------------------------------------------+

. clear

. input c

             c
  1. 1
  2. 2
  3. end

. cross using odta_j

. * a ordem do cross no Stata depende do desempate do sort: ordena antes de listar
. sort c k a

. list

     +-----------+
     | c   k   a |
     |-----------|
  1. | 1   1   x |
  2. | 1   1   y |
  3. | 1   2   z |
  4. | 2   1   x |
  5. | 2   1   y |
     |-----------|
  6. | 2   2   z |
     +-----------+

. clear

. input id

            id
  1. 1
  2. 1
  3. end

. capture noisily merge 1:1 id using odta_u
variable id does not uniquely identify observations in the master data

. erase odta_m.dta

. erase odta_u.dta

. erase odta_a.dta

. erase odta_j.dta

. 
end of do-file
      name:  <unnamed>
       log:  /Users/yaskepalhares/opendta/compat/expected/0308_merge_append.log
  log type:  text
 closed on:   9 Oct 2026, 00:51:08
---------------------------------------------------------------------------------------------------------------------------------------------------------------------------------------------------------------------------------------------------------------
