---------------------------------------------------------------------------------------------------------------------------------------------------------------------------------------------------------------------------------------------------------------
      name:  <unnamed>
       log:  /Users/yaskepalhares/opendta/compat/expected/0309_aleatorios_2.log
  log type:  text
 opened on:   9 Oct 2026, 00:51:08

. * Fase 3d: dados para reproduzir rnormal() e as outras distribuições do
. * Stata. Os runiform() da mesma semente mostram os uniformes disponíveis;
. * comparando, dá para descobrir quantos cada função consome e como.
. clear

. set obs 8
number of observations (_N) was 0, now 8

. set seed 123

. gen double u = runiform()

. set seed 123

. gen double z = rnormal()

. set seed 123

. gen double k = runiformint(1, 6)

. set seed 123

. gen double b = rbinomial(10, .5)

. set seed 123

. gen double p = rpoisson(3)

. set seed 123

. gen double c = rchi2(2)

. set seed 123

. gen double e = rexponential(1)

. set seed 123

. gen double t = rt(5)

. format u-t %20.17f

. list u z k, noobs

  +------------------------------------------------------------------+
  |                   u                      z                     k |
  |------------------------------------------------------------------|
  | 0.31320017867847072    0.49076766015195739   3.00000000000000000 |
  | 0.55597911939485856   -1.40508199783209720   5.00000000000000000 |
  | 0.93828510817776889   -0.20405061420033568   6.00000000000000000 |
  | 0.73632211292230376    2.10972644990723301   2.00000000000000000 |
  | 0.19240755306008317    0.44607741092975423   2.00000000000000000 |
  |------------------------------------------------------------------|
  | 0.19514006429993447   -0.32318707254337548   3.00000000000000000 |
  | 0.95095977758651451    0.75942500507723421   4.00000000000000000 |
  | 0.29044540319218581   -1.25719036539982087   3.00000000000000000 |
  +------------------------------------------------------------------+

. list b p c, noobs

  +-----------------------------------------------------------------+
  |                   b                     p                     c |
  |-----------------------------------------------------------------|
  | 4.00000000000000000   4.00000000000000000   2.32182548874490058 |
  | 5.00000000000000000   2.00000000000000000   1.17404908096396299 |
  | 7.00000000000000000   0.00000000000000000   0.12740284575829816 |
  | 6.00000000000000000   1.00000000000000000   0.61217520513709023 |
  | 4.00000000000000000   3.00000000000000000   3.29627896890406014 |
  |-----------------------------------------------------------------|
  | 4.00000000000000000   3.00000000000000000   3.26807539959140536 |
  | 8.00000000000000000   0.00000000000000000   0.10056702438581774 |
  | 4.00000000000000000   4.00000000000000000   2.47267932234379462 |
  +-----------------------------------------------------------------+

. list e t, noobs

  +--------------------------------------------+
  |                   e                      t |
  |--------------------------------------------|
  | 1.16091274437245029    0.30765726332517784 |
  | 0.58702454048198149    0.43354346951638562 |
  | 0.06370142287914908   -2.72735297806691435 |
  | 0.30608760256854511   -0.37931337379667596 |
  | 1.64813948445203007   -0.02477781500164154 |
  |--------------------------------------------|
  | 1.63403769979570268    0.54710092343948113 |
  | 0.05028351219290887    1.86233409559230711 |
  | 1.23633966117189731    1.27783010767356719 |
  +--------------------------------------------+

. set seed 123

. display %20.17f rnormal() _n %20.17f runiform()
 0.49076766015195739
 0.73632211292230376

. set seed 123

. display %20.17f rnormal() _n %20.17f rnormal() _n %20.17f runiform()
 0.49076766015195739
-1.40508199783209720
 0.95095977758651451

. 
end of do-file
      name:  <unnamed>
       log:  /Users/yaskepalhares/opendta/compat/expected/0309_aleatorios_2.log
  log type:  text
 closed on:   9 Oct 2026, 00:51:08
---------------------------------------------------------------------------------------------------------------------------------------------------------------------------------------------------------------------------------------------------------------
