---------------------------------------------------------------------------------------------------------------------------------------------------------------------------------------------------------------------------------------------------------------
      name:  <unnamed>
       log:  /Users/yaskepalhares/opendta/compat/expected/0401_mata_basico.log
  log type:  text
 opened on:   9 Oct 2026, 09:46:05

. * Fase 4: Mata básico (exibição, operadores, subscritos, strings).
. mata
------------------------------------------------- mata (type end to exit) -------------------------------------------------------------------------------------------------------------------------------------------------------------------------------------
: x = 2

: x
  2

: 1/3
  .3333333333

: -2.5
  -2.5

: 1e10
  1.00000e+10

: 123456789
  123456789

: .
  .

: .a
  .a

: (1, 2, 3)
       1   2   3
    +-------------+
  1 |  1   2   3  |
    +-------------+

: (1 \ 2 \ 3)
       1
    +-----+
  1 |  1  |
  2 |  2  |
  3 |  3  |
    +-----+

: A = (1, 2 \ 3, 4)

: A
       1   2
    +---------+
  1 |  1   2  |
  2 |  3   4  |
    +---------+

: A'
       1   2
    +---------+
  1 |  1   3  |
  2 |  2   4  |
    +---------+

: A * A
        1    2
    +-----------+
  1 |   7   10  |
  2 |  15   22  |
    +-----------+

: A :* A
        1    2
    +-----------+
  1 |   1    4  |
  2 |   9   16  |
    +-----------+

: A + 10
                 <istmt>:  3200  conformability error
r(3200);

: A[2, 1]
  3

: A[., 2]
       1
    +-----+
  1 |  2  |
  2 |  4  |
    +-----+

: A[|1,1 \ 2,1|]
       1
    +-----+
  1 |  1  |
  2 |  3  |
    +-----+

: (2, 1 \ 1, 2)
[symmetric]
       1   2
    +---------+
  1 |  2      |
  2 |  1   2  |
    +---------+

: B = (1.5, -2 \ 1000, .)

: B
          1      2
    +---------------+
  1 |   1.5     -2  |
  2 |  1000      .  |
    +---------------+

: J(0, 0, .)

: J(2, 3, 0)
       1   2   3
    +-------------+
  1 |  0   0   0  |
  2 |  0   0   0  |
    +-------------+

: 1..5
       1   2   3   4   5
    +---------------------+
  1 |  1   2   3   4   5  |
    +---------------------+

: 3::1
       1
    +-----+
  1 |  3  |
  2 |  2  |
  3 |  1  |
    +-----+

: "texto"
  texto

: ("a", "bb", "ccc")
         1     2     3
    +-------------------+
  1 |    a    bb   ccc  |
    +-------------------+

: ("um" \ "dois")
          1
    +--------+
  1 |    um  |
  2 |  dois  |
    +--------+

: s = "ab" + "cd"

: s
  abcd

: "x" * 3
  xxx

: (1, 2) == (1, 2)
  1

: (1, 2) :== (1, 3)
       1   2
    +---------+
  1 |  1   0  |
    +---------+

: 3 > 2 & 1 > 2
  0

: (5 > 3) ? "sim" : "nao"
  sim

: for (i = 1; i <= 3; i++) i
  1
  2
  3

: k = 0

: while (k < 3) k++

: k
  3

: x++

: x
  3

: end
---------------------------------------------------------------------------------------------------------------------------------------------------------------------------------------------------------------------------------------------------------------

. 
end of do-file
      name:  <unnamed>
       log:  /Users/yaskepalhares/opendta/compat/expected/0401_mata_basico.log
  log type:  text
 closed on:   9 Oct 2026, 09:46:05
---------------------------------------------------------------------------------------------------------------------------------------------------------------------------------------------------------------------------------------------------------------
