---------------------------------------------------------------------------------------------------------------------------------------------------------------------------------------------------------------------------------------------------------------
      name:  <unnamed>
       log:  /Users/yaskepalhares/opendta/compat/expected/0403_mata_biblioteca.log
  log type:  text
 opened on:   9 Oct 2026, 09:46:05

. * Fase 4: funções da biblioteca do Mata.
. mata
------------------------------------------------- mata (type end to exit) -------------------------------------------------------------------------------------------------------------------------------------------------------------------------------------
: X = (1, 2 \ 3, 5 \ 5, 6)

: rows(X), cols(X), length(X)
       1   2   3
    +-------------+
  1 |  3   2   6  |
    +-------------+

: mean(X)
                 1             2
    +-----------------------------+
  1 |            3   4.333333333  |
    +-----------------------------+

: variance(X)
[symmetric]
                 1             2
    +-----------------------------+
  1 |            4                |
  2 |            4   4.333333333  |
    +-----------------------------+

: correlation(X)
[symmetric]
                 1             2
    +-----------------------------+
  1 |            1                |
  2 |  .9607689228             1  |
    +-----------------------------+

: sum(X)
  22

: rowsum(X)
        1
    +------+
  1 |   3  |
  2 |   8  |
  3 |  11  |
    +------+

: colsum(X)
        1    2
    +-----------+
  1 |   9   13  |
    +-----------+

: max(X), min(X)
       1   2
    +---------+
  1 |  6   1  |
    +---------+

: colmax(X)
       1   2
    +---------+
  1 |  5   6  |
    +---------+

: sqrt(2)
  1.414213562

: exp(1)
  2.718281828

: ln(10)
  2.302585093

: round(2.567, .01)
  2.57

: mod(17, 5)
  2

: abs((-1, 2, -3))
       1   2   3
    +-------------+
  1 |  1   2   3  |
    +-------------+

: S = (4, 2 \ 2, 3)

: invsym(S)
[symmetric]
          1      2
    +---------------+
  1 |  .375         |
  2 |  -.25     .5  |
    +---------------+

: luinv((1, 2 \ 3, 4))
         1     2
    +-------------+
  1 |   -2     1  |
  2 |  1.5   -.5  |
    +-------------+

: det((1, 2 \ 3, 4))
  -2

: cholesky(S)
                 1             2
    +-----------------------------+
  1 |            2             0  |
  2 |            1   1.414213562  |
    +-----------------------------+

: lusolve(S, (1 \ 2))
           1
    +---------+
  1 |  -.125  |
  2 |    .75  |
    +---------+

: trace(S)
  7

: diag((1, 2, 3))
[symmetric]
       1   2   3
    +-------------+
  1 |  1          |
  2 |  0   2      |
  3 |  0   0   3  |
    +-------------+

: diagonal(S)
       1
    +-----+
  1 |  4  |
  2 |  3  |
    +-----+

: I(3)
[symmetric]
       1   2   3
    +-------------+
  1 |  1          |
  2 |  0   1      |
  3 |  0   0   1  |
    +-------------+

: L = .

: V = .

: symeigensystem(S, V, L)

: L
                 1             2
    +-----------------------------+
  1 |  5.561552813   1.438447187  |
    +-----------------------------+

: sort((3, 1 \ 1, 2 \ 2, 9), 1)
       1   2
    +---------+
  1 |  1   2  |
  2 |  2   9  |
  3 |  3   1  |
    +---------+

: sort((3, 1 \ 1, 2 \ 2, 9), -2)
       1   2
    +---------+
  1 |  2   9  |
  2 |  1   2  |
  3 |  3   1  |
    +---------+

: order((3 \ 1 \ 2), 1)
       1
    +-----+
  1 |  2  |
  2 |  3  |
  3 |  1  |
    +-----+

: uniqrows((2 \ 1 \ 2 \ 3))
       1
    +-----+
  1 |  1  |
  2 |  2  |
  3 |  3  |
    +-----+

: select((1, 2, 3, 4), (1, 0, 1, 0))
       1   2
    +---------+
  1 |  1   3  |
    +---------+

: selectindex((0, 1, 1, 0))
       1   2
    +---------+
  1 |  2   3  |
    +---------+

: missing((1, ., .a, 4))
  2

: editmissing((1, ., 3), 0)
       1   2   3
    +-------------+
  1 |  1   0   3  |
    +-------------+

: tokens("um dois  tres")
          1      2      3
    +----------------------+
  1 |    um   dois   tres  |
    +----------------------+

: invtokens(("a", "b", "c"))
  a b c

: strupper("abc")
  ABC

: substr("abcdef", 2, 3)
  bcd

: strlen(("a", "bb", ""))
       1   2   3
    +-------------+
  1 |  1   2   0  |
    +-------------+

: strofreal(1/3)
  .3333333

: strofreal(1/3, "%5.2f")
  0.33

: strtoreal("12.5")
  12.5

: printf("%9.2f|%5s|%-5s|\n", 3.14159, "ab", "cd")
     3.14|   ab|cd   |

: printf("{txt}valor: {res}%g\n", 42)
valor: 42

: sprintf("%04.1f", 2.5)
  02.5

: runiform(1, 1) < 2
  1

: rowshape((1, 2, 3, 4), 2)
       1   2
    +---------+
  1 |  1   2  |
  2 |  3   4  |
    +---------+

: vec((1, 2 \ 3, 4))
       1
    +-----+
  1 |  1  |
  2 |  3  |
  3 |  2  |
  4 |  4  |
    +-----+

: end
---------------------------------------------------------------------------------------------------------------------------------------------------------------------------------------------------------------------------------------------------------------

. 
end of do-file
      name:  <unnamed>
       log:  /Users/yaskepalhares/opendta/compat/expected/0403_mata_biblioteca.log
  log type:  text
 closed on:   9 Oct 2026, 09:46:05
---------------------------------------------------------------------------------------------------------------------------------------------------------------------------------------------------------------------------------------------------------------
