---------------------------------------------------------------------------------------------------------------------------------------------------------------------------------------------------------------------------------------------------------------
      name:  <unnamed>
       log:  /Users/yaskepalhares/opendta/compat/expected/0404_mata_stata.log
  log type:  text
 opened on:   9 Oct 2026, 09:46:05

. * Fase 4: interface Stata <-> Mata (st_*).
. clear

. set obs 4
number of observations (_N) was 0, now 4

. gen x = _n

. gen str3 nome = "n" + string(_n)

. mata
------------------------------------------------- mata (type end to exit) -------------------------------------------------------------------------------------------------------------------------------------------------------------------------------------
: X = st_data(., "x")

: X
       1
    +-----+
  1 |  1  |
  2 |  2  |
  3 |  3  |
  4 |  4  |
    +-----+

: st_data((1, 3), 1)
       1
    +-----+
  1 |  1  |
  2 |  2  |
  3 |  3  |
    +-----+

: N = st_sdata(., "nome")

: N
        1
    +------+
  1 |  n1  |
  2 |  n2  |
  3 |  n3  |
  4 |  n4  |
    +------+

: st_store(., "x", X :* 10)

: st_addvar("double", "y")
  3

: st_store(., "y", X :^ 2)

: st_nobs(), st_nvar()
       1   2
    +---------+
  1 |  4   3  |
    +---------+

: st_varname(2)
  nome

: st_varindex("y")
  3

: st_local("loc", "valor")

: st_global("glob", "g1")

: st_numscalar("sc", 42)

: st_matrix("M", (1, 2 \ 3, 4))

: st_matrix("M")
       1   2
    +---------+
  1 |  1   2  |
  2 |  3   4  |
    +---------+

: stata("display 1 + 1")
2

: end
---------------------------------------------------------------------------------------------------------------------------------------------------------------------------------------------------------------------------------------------------------------

. list

     +----------------+
     |  x   nome    y |
     |----------------|
  1. | 10     n1    1 |
  2. | 20     n2    4 |
  3. | 30     n3    9 |
  4. | 40     n4   16 |
     +----------------+

. display "`loc' $glob " sc
valor g1 42

. matrix list M

M[2,2]
    c1  c2
r1   1   2
r2   3   4

. mata: st_numscalar("sc")
  42

. mata: st_local("loc")
  valor

. 
end of do-file
      name:  <unnamed>
       log:  /Users/yaskepalhares/opendta/compat/expected/0404_mata_stata.log
  log type:  text
 closed on:   9 Oct 2026, 09:46:05
---------------------------------------------------------------------------------------------------------------------------------------------------------------------------------------------------------------------------------------------------------------
