---------------------------------------------------------------------------------------------------------------------------------------------------------------------------------------------------------------------------------------------------------------
      name:  <unnamed>
       log:  /Users/yaskepalhares/opendta/compat/expected/0405_mata_erros.log
  log type:  text
 opened on:   9 Oct 2026, 10:27:08

. * Fase 4: erros no Mata. O bloco "mata" (sem dois-pontos) continua depois
. * de um erro? E o "mata:"?
. mata
------------------------------------------------- mata (type end to exit) -------------------------------------------------------------------------------------------------------------------------------------------------------------------------------------
: nada
                 <istmt>:  3499  nada not found
r(3499);

: (1, 2) * (3, 4)
                       *:  3200  conformability error
                 <istmt>:     -  function returned error
r(3200);

: "a" + 1
type mismatch:  string + real not allowed
r(3000);

: A = (1, 2)

: A[3]
                 <istmt>:  3301  subscript invalid
r(3301);

: real scalar f()
> {
>     return((1, 2) * (3, 4))
> }

: f()
                       *:  3200  conformability error
                     f():     -  function returned error
                 <istmt>:     -  function returned error
r(3200);

: real scalar f()
f() already exists
r(3000);

: {
>     return(1)
'return' found where almost anything else expected
r(3000);

: }
expression invalid
r(3000);

: x = 1

: x
  1

: end
---------------------------------------------------------------------------------------------------------------------------------------------------------------------------------------------------------------------------------------------------------------

. display "depois do bloco mata"
depois do bloco mata

. capture noisily mata: nada2
                 <istmt>:  3499  nada2 not found

. display _rc
3499

. mata:
------------------------------------------------- mata (type end to exit) -------------------------------------------------------------------------------------------------------------------------------------------------------------------------------------
: y = 1

: nada3
                 <istmt>:  3499  nada3 not found
(1 line skipped)
---------------------------------------------------------------------------------------------------------------------------------------------------------------------------------------------------------------------------------------------------------------
r(3499);

end of do-file
      name:  <unnamed>
       log:  /Users/yaskepalhares/opendta/compat/expected/0405_mata_erros.log
  log type:  text
 closed on:   9 Oct 2026, 10:27:08
---------------------------------------------------------------------------------------------------------------------------------------------------------------------------------------------------------------------------------------------------------------
