---------------------------------------------------------------------------------------------------------------------------------------------------------------------------------------------------------------------------------------------------------------
      name:  <unnamed>
       log:  /Users/yaskepalhares/opendta/compat/expected/0406_mata_optimize.log
  log type:  text
 opened on:   9 Oct 2026, 10:27:08

. * Fase 4: optimize() do Mata (registro de iterações e resultados).
. mata
------------------------------------------------- mata (type end to exit) -------------------------------------------------------------------------------------------------------------------------------------------------------------------------------------
: void q(todo, p, v, g, H)
> {
>     v = -(p[1] - 1)^2 - (p[2] + 2)^2 - p[1]*p[2]
> }
note: argument todo unused
note: argument g unused
note: argument H unused

: S = optimize_init()

: optimize_init_evaluator(S, &q())

: optimize_init_params(S, (0, 0))

: p = optimize(S)
Iteration 0:   f(p) =         -5  
Iteration 1:   f(p) =  4.3333333  
Iteration 2:   f(p) =  4.3333333  

: p
                  1              2
    +-------------------------------+
  1 |   2.666666667   -3.333333333  |
    +-------------------------------+

: optimize_result_value(S)
  4.333333333

: optimize_result_converged(S)
  1

: optimize_result_iterations(S)
  3

: optimize_result_gradient(S)
                  1              2
    +-------------------------------+
  1 |   1.66893e-12   -2.08601e-12  |
    +-------------------------------+

: optimize_result_V(S)
[symmetric]
                  1              2
    +-------------------------------+
  1 |   .6666666696                 |
  2 |  -.3333333403    .6666666747  |
    +-------------------------------+

: void lg(todo, b, y, X, v, g, H)
> {
>     real colvector xb, pr
>     xb = X * b'
>     pr = invlogit(xb)
>     v = sum(y :* ln(pr) + (1 :- y) :* ln(1 :- pr))
>     if (todo >= 1) g = ((y - pr)' * X)
> }
note: argument H unused

: y = (0 \ 0 \ 1 \ 1 \ 0 \ 1 \ 1 \ 1)

: X = ((1 \ 2 \ 3 \ 4 \ 5 \ 6 \ 7 \ 8), J(8, 1, 1))

: T = optimize_init()

: optimize_init_evaluator(T, &lg())

: optimize_init_evaluatortype(T, "d1")

: optimize_init_argument(T, 1, y)

: optimize_init_argument(T, 2, X)

: optimize_init_params(T, (0, 0))

: b = optimize(T)
Iteration 0:   f(p) = -5.5451774  
Iteration 1:   f(p) = -3.5092587  
Iteration 2:   f(p) = -3.4893142  
Iteration 3:   f(p) =    -3.4893  
Iteration 4:   f(p) =    -3.4893  

: b
                 1             2
    +-----------------------------+
  1 |  .7975923238   -2.71637496  |
    +-----------------------------+

: sqrt(diagonal(optimize_result_V(T)))'
                 1             2
    +-----------------------------+
  1 |  .5496009006   2.245395572  |
    +-----------------------------+

: end
---------------------------------------------------------------------------------------------------------------------------------------------------------------------------------------------------------------------------------------------------------------

. 
end of do-file
      name:  <unnamed>
       log:  /Users/yaskepalhares/opendta/compat/expected/0406_mata_optimize.log
  log type:  text
 closed on:   9 Oct 2026, 10:27:08
---------------------------------------------------------------------------------------------------------------------------------------------------------------------------------------------------------------------------------------------------------------
