---------------------------------------------------------------------------------------------------------------------------------------------------------------------------------------------------------------------------------------------------------------
      name:  <unnamed>
       log:  /Users/yaskepalhares/opendta/compat/expected/0407_mata_view_asarray.log
  log type:  text
 opened on:   9 Oct 2026, 10:27:09

. * Fase 4: st_view (grava nos dados) e arrays associativos.
. clear

. set obs 3
number of observations (_N) was 0, now 3

. gen x = _n

. mata
------------------------------------------------- mata (type end to exit) -------------------------------------------------------------------------------------------------------------------------------------------------------------------------------------
: V = .

: st_view(V, ., "x")

: V
       1
    +-----+
  1 |  1  |
  2 |  2  |
  3 |  3  |
    +-----+

: V[2, 1] = 99

: V[., 1] = V[., 1] :* 2

: V
         1
    +-------+
  1 |    2  |
  2 |  198  |
  3 |    6  |
    +-------+

: A = asarray_create()

: asarray(A, "um", 1)

: asarray(A, "dois", (2, 2))

: asarray(A, "dois")
       1   2
    +---------+
  1 |  2   2  |
    +---------+

: asarray_contains(A, "tres")
  0

: asarray_elements(A)
  2

: asarray_keys(A)
          1
    +--------+
  1 |  dois  |
  2 |    um  |
    +--------+

: end
---------------------------------------------------------------------------------------------------------------------------------------------------------------------------------------------------------------------------------------------------------------

. list

     +-----+
     |   x |
     |-----|
  1. |   2 |
  2. | 198 |
  3. |   6 |
     +-----+

. 
end of do-file
      name:  <unnamed>
       log:  /Users/yaskepalhares/opendta/compat/expected/0407_mata_view_asarray.log
  log type:  text
 closed on:   9 Oct 2026, 10:27:09
---------------------------------------------------------------------------------------------------------------------------------------------------------------------------------------------------------------------------------------------------------------
