---------------------------------------------------------------------------------------------------------------------------------------------------------------------------------------------------------------------------------------------------------------
      name:  <unnamed>
       log:  /Users/yaskepalhares/opendta/compat/expected/0501_regress.log
  log type:  text
 opened on:   9 Oct 2026, 12:10:02

. * Fase 5a: regress (tabela ANOVA, coeficientes, vce, pesos, opções).
. clear

. estimates clear

. ereturn clear

. set seed 2024

. set obs 60
number of observations (_N) was 0, now 60

. gen g = ceil(_n/20)

. gen h = mod(_n, 2)

. gen x1 = round(runiform()*10, .1)

. gen x2 = round(runiform()*5, .01)

. gen y = 3 + 2*x1 - 1.5*x2 + g + round(runiform()*4, .01)

. gen w = 1 + mod(_n, 3)

. replace x2 = . in 7
(1 real change made, 1 to missing)

. regress y x1 x2

      Source |       SS           df       MS      Number of obs   =        59
-------------+----------------------------------   F(2, 56)        =    793.85
       Model |  2540.75785         2  1270.37892   Prob > F        =    0.0000
    Residual |  89.6152795        56  1.60027285   R-squared       =    0.9659
-------------+----------------------------------   Adj R-squared   =    0.9647
       Total |  2630.37313        58  45.3512608   Root MSE        =     1.265

------------------------------------------------------------------------------
           y |      Coef.   Std. Err.      t    P>|t|     [95% Conf. Interval]
-------------+----------------------------------------------------------------
          x1 |   2.111772    .060213    35.07   0.000     1.991151    2.232393
          x2 |  -1.564343   .1170224   -13.37   0.000    -1.798767   -1.329919
       _cons |   6.339601   .5003457    12.67   0.000     5.337289    7.341914
------------------------------------------------------------------------------

. regress

      Source |       SS           df       MS      Number of obs   =        59
-------------+----------------------------------   F(2, 56)        =    793.85
       Model |  2540.75785         2  1270.37892   Prob > F        =    0.0000
    Residual |  89.6152795        56  1.60027285   R-squared       =    0.9659
-------------+----------------------------------   Adj R-squared   =    0.9647
       Total |  2630.37313        58  45.3512608   Root MSE        =     1.265

------------------------------------------------------------------------------
           y |      Coef.   Std. Err.      t    P>|t|     [95% Conf. Interval]
-------------+----------------------------------------------------------------
          x1 |   2.111772    .060213    35.07   0.000     1.991151    2.232393
          x2 |  -1.564343   .1170224   -13.37   0.000    -1.798767   -1.329919
       _cons |   6.339601   .5003457    12.67   0.000     5.337289    7.341914
------------------------------------------------------------------------------

. regress y x1 x2, level(90)

      Source |       SS           df       MS      Number of obs   =        59
-------------+----------------------------------   F(2, 56)        =    793.85
       Model |  2540.75785         2  1270.37892   Prob > F        =    0.0000
    Residual |  89.6152795        56  1.60027285   R-squared       =    0.9659
-------------+----------------------------------   Adj R-squared   =    0.9647
       Total |  2630.37313        58  45.3512608   Root MSE        =     1.265

------------------------------------------------------------------------------
           y |      Coef.   Std. Err.      t    P>|t|     [90% Conf. Interval]
-------------+----------------------------------------------------------------
          x1 |   2.111772    .060213    35.07   0.000     2.011064    2.212479
          x2 |  -1.564343   .1170224   -13.37   0.000    -1.760065    -1.36862
       _cons |   6.339601   .5003457    12.67   0.000     5.502762    7.176441
------------------------------------------------------------------------------

. regress y x1 x2 if h == 1

      Source |       SS           df       MS      Number of obs   =        29
-------------+----------------------------------   F(2, 26)        =    900.51
       Model |  1626.43562         2  813.217812   Prob > F        =    0.0000
    Residual |   23.479747        26  .903067191   R-squared       =    0.9858
-------------+----------------------------------   Adj R-squared   =    0.9847
       Total |  1649.91537        28  58.9255489   Root MSE        =     .9503

------------------------------------------------------------------------------
           y |      Coef.   Std. Err.      t    P>|t|     [95% Conf. Interval]
-------------+----------------------------------------------------------------
          x1 |   2.222006   .0653843    33.98   0.000     2.087607    2.356406
          x2 |  -1.406652   .1215495   -11.57   0.000      -1.6565   -1.156803
       _cons |   5.175334   .5655322     9.15   0.000     4.012866    6.337802
------------------------------------------------------------------------------

. regress y x1 x2 in 1/40

      Source |       SS           df       MS      Number of obs   =        39
-------------+----------------------------------   F(2, 36)        =    670.19
       Model |   1792.7234         2  896.361701   Prob > F        =    0.0000
    Residual |  48.1490929        36   1.3374748   R-squared       =    0.9738
-------------+----------------------------------   Adj R-squared   =    0.9724
       Total |   1840.8725        38   48.444013   Root MSE        =    1.1565

------------------------------------------------------------------------------
           y |      Coef.   Std. Err.      t    P>|t|     [95% Conf. Interval]
-------------+----------------------------------------------------------------
          x1 |   2.059567   .0643502    32.01   0.000     1.929059    2.190075
          x2 |  -1.636658   .1277192   -12.81   0.000    -1.895685   -1.377632
       _cons |   6.389501   .5267799    12.13   0.000     5.321142     7.45786
------------------------------------------------------------------------------

. regress y x1 x2, noconstant

      Source |       SS           df       MS      Number of obs   =        59
-------------+----------------------------------   F(2, 57)        =    956.30
       Model |  11627.3944         2  5813.69719   Prob > F        =    0.0000
    Residual |   346.52327        57  6.07935561   R-squared       =    0.9711
-------------+----------------------------------   Adj R-squared   =    0.9700
       Total |  11973.9176        59  202.947757   Root MSE        =    2.4656

------------------------------------------------------------------------------
           y |      Coef.   Std. Err.      t    P>|t|     [95% Conf. Interval]
-------------+----------------------------------------------------------------
          x1 |   2.644681   .0839834    31.49   0.000     2.476508    2.812855
          x2 |  -.4758738   .1548805    -3.07   0.003    -.7860166   -.1657309
------------------------------------------------------------------------------

. regress y x1 x2, vce(robust)

Linear regression                               Number of obs     =         59
                                                F(2, 56)          =     749.61
                                                Prob > F          =     0.0000
                                                R-squared         =     0.9659
                                                Root MSE          =      1.265

------------------------------------------------------------------------------
             |               Robust
           y |      Coef.   Std. Err.      t    P>|t|     [95% Conf. Interval]
-------------+----------------------------------------------------------------
          x1 |   2.111772    .063246    33.39   0.000     1.985075    2.238469
          x2 |  -1.564343   .1155868   -13.53   0.000    -1.795891   -1.332794
       _cons |   6.339601   .5073568    12.50   0.000     5.323243    7.355959
------------------------------------------------------------------------------

. regress y x1 x2, robust

Linear regression                               Number of obs     =         59
                                                F(2, 56)          =     749.61
                                                Prob > F          =     0.0000
                                                R-squared         =     0.9659
                                                Root MSE          =      1.265

------------------------------------------------------------------------------
             |               Robust
           y |      Coef.   Std. Err.      t    P>|t|     [95% Conf. Interval]
-------------+----------------------------------------------------------------
          x1 |   2.111772    .063246    33.39   0.000     1.985075    2.238469
          x2 |  -1.564343   .1155868   -13.53   0.000    -1.795891   -1.332794
       _cons |   6.339601   .5073568    12.50   0.000     5.323243    7.355959
------------------------------------------------------------------------------

. regress y x1 x2, vce(cluster g)

Linear regression                               Number of obs     =         59
                                                F(1, 2)           =          .
                                                Prob > F          =          .
                                                R-squared         =     0.9659
                                                Root MSE          =      1.265

                                      (Std. Err. adjusted for 3 clusters in g)
------------------------------------------------------------------------------
             |               Robust
           y |      Coef.   Std. Err.      t    P>|t|     [95% Conf. Interval]
-------------+----------------------------------------------------------------
          x1 |   2.111772    .040426    52.24   0.000     1.937833    2.285711
          x2 |  -1.564343   .0730651   -21.41   0.002    -1.878717   -1.249969
       _cons |   6.339601   .0532254   119.11   0.000     6.110591    6.568612
------------------------------------------------------------------------------

. regress y x1 x2 [aweight=w]
(sum of wgt is   1.1800e+02)

      Source |       SS           df       MS      Number of obs   =        59
-------------+----------------------------------   F(2, 56)        =    784.41
       Model |  2340.55241         2   1170.2762   Prob > F        =    0.0000
    Residual |  83.5474325        56  1.49191844   R-squared       =    0.9655
-------------+----------------------------------   Adj R-squared   =    0.9643
       Total |  2424.09984        58  41.7948248   Root MSE        =    1.2214

------------------------------------------------------------------------------
           y |      Coef.   Std. Err.      t    P>|t|     [95% Conf. Interval]
-------------+----------------------------------------------------------------
          x1 |   2.108079   .0596769    35.32   0.000     1.988532    2.227626
          x2 |  -1.514777   .1151679   -13.15   0.000    -1.745486   -1.284068
       _cons |   6.157821   .4907233    12.55   0.000     5.174784    7.140858
------------------------------------------------------------------------------

. regress y x1 x2 [fweight=w]

      Source |       SS           df       MS      Number of obs   =       118
-------------+----------------------------------   F(2, 115)       =   1610.84
       Model |  4681.10481         2  2340.55241   Prob > F        =    0.0000
    Residual |  167.094865       115  1.45299883   R-squared       =    0.9655
-------------+----------------------------------   Adj R-squared   =    0.9649
       Total |  4848.19968       117  41.4376041   Root MSE        =    1.2054

------------------------------------------------------------------------------
           y |      Coef.   Std. Err.      t    P>|t|     [95% Conf. Interval]
-------------+----------------------------------------------------------------
          x1 |   2.108079   .0416439    50.62   0.000     2.025591    2.190568
          x2 |  -1.514777   .0803668   -18.85   0.000    -1.673968   -1.355586
       _cons |   6.157821   .3424378    17.98   0.000     5.479517    6.836124
------------------------------------------------------------------------------

. regress y x1 x2 [pweight=w]
(sum of wgt is   1.1800e+02)

Linear regression                               Number of obs     =         59
                                                F(2, 56)          =     814.28
                                                Prob > F          =     0.0000
                                                R-squared         =     0.9655
                                                Root MSE          =     1.2214

------------------------------------------------------------------------------
             |               Robust
           y |      Coef.   Std. Err.      t    P>|t|     [95% Conf. Interval]
-------------+----------------------------------------------------------------
          x1 |   2.108079   .0608715    34.63   0.000     1.986139     2.23002
          x2 |  -1.514777   .1104528   -13.71   0.000    -1.736041   -1.293514
       _cons |   6.157821    .498974    12.34   0.000     5.158256    7.157386
------------------------------------------------------------------------------

. regress y x1 x2, noheader
------------------------------------------------------------------------------
           y |      Coef.   Std. Err.      t    P>|t|     [95% Conf. Interval]
-------------+----------------------------------------------------------------
          x1 |   2.111772    .060213    35.07   0.000     1.991151    2.232393
          x2 |  -1.564343   .1170224   -13.37   0.000    -1.798767   -1.329919
       _cons |   6.339601   .5003457    12.67   0.000     5.337289    7.341914
------------------------------------------------------------------------------

. regress y x1

      Source |       SS           df       MS      Number of obs   =        60
-------------+----------------------------------   F(1, 58)        =    365.30
       Model |  2376.51501         1  2376.51501   Prob > F        =    0.0000
    Residual |  377.332525        58  6.50573319   R-squared       =    0.8630
-------------+----------------------------------   Adj R-squared   =    0.8606
       Total |  2753.84754        59  46.6753819   Root MSE        =    2.5506

------------------------------------------------------------------------------
           y |      Coef.   Std. Err.      t    P>|t|     [95% Conf. Interval]
-------------+----------------------------------------------------------------
          x1 |   2.246513   .1175403    19.11   0.000     2.011231    2.481796
       _cons |   1.388749     .68051     2.04   0.046       .02656    2.750938
------------------------------------------------------------------------------

. gen x3 = 2*x1

. regress y x1 x3 x2
note: x1 omitted because of collinearity

      Source |       SS           df       MS      Number of obs   =        59
-------------+----------------------------------   F(2, 56)        =    793.85
       Model |  2540.75785         2  1270.37892   Prob > F        =    0.0000
    Residual |  89.6152795        56  1.60027285   R-squared       =    0.9659
-------------+----------------------------------   Adj R-squared   =    0.9647
       Total |  2630.37313        58  45.3512608   Root MSE        =     1.265

------------------------------------------------------------------------------
           y |      Coef.   Std. Err.      t    P>|t|     [95% Conf. Interval]
-------------+----------------------------------------------------------------
          x1 |          0  (omitted)
          x3 |   1.055886   .0301065    35.07   0.000     .9955754    1.116196
          x2 |  -1.564343   .1170224   -13.37   0.000    -1.798767   -1.329919
       _cons |   6.339601   .5003457    12.67   0.000     5.337289    7.341914
------------------------------------------------------------------------------

. regress y x1 x2 if g < 3

      Source |       SS           df       MS      Number of obs   =        39
-------------+----------------------------------   F(2, 36)        =    670.19
       Model |   1792.7234         2  896.361701   Prob > F        =    0.0000
    Residual |  48.1490929        36   1.3374748   R-squared       =    0.9738
-------------+----------------------------------   Adj R-squared   =    0.9724
       Total |   1840.8725        38   48.444013   Root MSE        =    1.1565

------------------------------------------------------------------------------
           y |      Coef.   Std. Err.      t    P>|t|     [95% Conf. Interval]
-------------+----------------------------------------------------------------
          x1 |   2.059567   .0643502    32.01   0.000     1.929059    2.190075
          x2 |  -1.636658   .1277192   -12.81   0.000    -1.895685   -1.377632
       _cons |   6.389501   .5267799    12.13   0.000     5.321142     7.45786
------------------------------------------------------------------------------

. ereturn list

scalars:
                  e(N) =  39
               e(df_m) =  2
               e(df_r) =  36
                  e(F) =  670.1895983875722
                 e(r2) =  .9738444172330213
               e(rmse) =  1.156492457079212
                e(mss) =  1792.723402528932
                e(rss) =  48.14909291812005
               e(r2_a) =  .9723913293015225
                 e(ll) =  -59.4480455337221
               e(ll_0) =  -130.5000516456391
               e(rank) =  3

macros:
            e(cmdline) : "regress y x1 x2 if g < 3"
              e(title) : "Linear regression"
          e(marginsok) : "XB default"
                e(vce) : "ols"
             e(depvar) : "y"
                e(cmd) : "regress"
         e(properties) : "b V"
            e(predict) : "regres_p"
              e(model) : "ols"
          e(estat_cmd) : "regress_estat"

matrices:
                  e(b) :  1 x 3
                  e(V) :  3 x 3

functions:
             e(sample)   

. display e(N) " " e(df_m) " " e(df_r) " " e(r2)
39 2 36 .97384442

. display _b[x1] " " _se[x1] " " _b[_cons]
2.0595671 .06435025 6.389501

. matrix list e(b)

e(b)[1,3]
            x1          x2       _cons
y1   2.0595671  -1.6366585    6.389501

. matrix list e(V)

symmetric e(V)[3,3]
               x1          x2       _cons
   x1   .00414095
   x2   .00122346   .01631219
_cons  -.02254812  -.05048958   .27749704

. count if e(sample)
  39

. regress y

      Source |       SS           df       MS      Number of obs   =        60
-------------+----------------------------------   F(0, 59)        =      0.00
       Model |           0         0           .   Prob > F        =         .
    Residual |  2753.84754        59  46.6753819   R-squared       =    0.0000
-------------+----------------------------------   Adj R-squared   =    0.0000
       Total |  2753.84754        59  46.6753819   Root MSE        =    6.8319

------------------------------------------------------------------------------
           y |      Coef.   Std. Err.      t    P>|t|     [95% Conf. Interval]
-------------+----------------------------------------------------------------
       _cons |   12.77108   .8819995    14.48   0.000     11.00621    14.53596
------------------------------------------------------------------------------

. capture noisily display _b[x1]
[x1] not found

. capture noisily regress y x9
variable x9 not found

. capture noisily regress

      Source |       SS           df       MS      Number of obs   =        60
-------------+----------------------------------   F(0, 59)        =      0.00
       Model |           0         0           .   Prob > F        =         .
    Residual |  2753.84754        59  46.6753819   R-squared       =    0.0000
-------------+----------------------------------   Adj R-squared   =    0.0000
       Total |  2753.84754        59  46.6753819   Root MSE        =    6.8319

------------------------------------------------------------------------------
           y |      Coef.   Std. Err.      t    P>|t|     [95% Conf. Interval]
-------------+----------------------------------------------------------------
       _cons |   12.77108   .8819995    14.48   0.000     11.00621    14.53596
------------------------------------------------------------------------------

. 
end of do-file
      name:  <unnamed>
       log:  /Users/yaskepalhares/opendta/compat/expected/0501_regress.log
  log type:  text
 closed on:   9 Oct 2026, 12:10:02
---------------------------------------------------------------------------------------------------------------------------------------------------------------------------------------------------------------------------------------------------------------
