---------------------------------------------------------------------------------------------------------------------------------------------------------------------------------------------------------------------------------------------------------------
      name:  <unnamed>
       log:  /Users/yaskepalhares/opendta/compat/expected/0502_fatoriais.log
  log type:  text
 opened on:   9 Oct 2026, 11:17:26

. * Fase 5a: variáveis fatoriais e interações em regress.
. clear

. estimates clear

. ereturn clear

. set seed 77

. set obs 48
number of observations (_N) was 0, now 48

. gen g = 1 + mod(_n, 3)

. gen h = mod(_n, 2)

. gen k = 1 + mod(_n, 4)

. gen x = round(runiform()*10, .1)

. gen y = 2 + .5*x + g + 2*h - h*g + round(runiform()*3, .01)

. label define glab 1 "baixo" 2 "medio" 3 "alto"

. label values g glab

. regress y i.g

      Source |       SS           df       MS      Number of obs   =        48
-------------+----------------------------------   F(2, 45)        =      7.16
       Model |  45.5649549         2  22.7824774   Prob > F        =    0.0020
    Residual |  143.147578        45  3.18105729   R-squared       =    0.2415
-------------+----------------------------------   Adj R-squared   =    0.2077
       Total |  188.712533        47  4.01516027   Root MSE        =    1.7836

------------------------------------------------------------------------------
           y |      Coef.   Std. Err.      t    P>|t|     [95% Conf. Interval]
-------------+----------------------------------------------------------------
           g |
      medio  |       1.94   .6305808     3.08   0.004     .6699452    3.210055
       alto  |    2.17375   .6305808     3.45   0.001     .9036952    3.443805
             |
       _cons |      6.565    .445888    14.72   0.000     5.666935    7.463064
------------------------------------------------------------------------------

. regress y i.k x

      Source |       SS           df       MS      Number of obs   =        48
-------------+----------------------------------   F(4, 43)        =     24.87
       Model |  131.753201         4  32.9383004   Prob > F        =    0.0000
    Residual |  56.9593313        43  1.32463561   R-squared       =    0.6982
-------------+----------------------------------   Adj R-squared   =    0.6701
       Total |  188.712533        47  4.01516027   Root MSE        =    1.1509

------------------------------------------------------------------------------
           y |      Coef.   Std. Err.      t    P>|t|     [95% Conf. Interval]
-------------+----------------------------------------------------------------
           k |
          2  |  -.1538381   .4700734    -0.33   0.745    -1.101831    .7941553
          3  |   .0319441   .4819091     0.07   0.947    -.9399181    1.003806
          4  |  -.0495811   .4704539    -0.11   0.917    -.9983419    .8991797
             |
           x |   .6464225   .0672684     9.61   0.000     .5107629    .7820821
       _cons |   4.814342   .4431023    10.87   0.000     3.920741    5.707943
------------------------------------------------------------------------------

. regress y ib2.k x

      Source |       SS           df       MS      Number of obs   =        48
-------------+----------------------------------   F(4, 43)        =     24.87
       Model |  131.753201         4  32.9383004   Prob > F        =    0.0000
    Residual |  56.9593313        43  1.32463561   R-squared       =    0.6982
-------------+----------------------------------   Adj R-squared   =    0.6701
       Total |  188.712533        47  4.01516027   Root MSE        =    1.1509

------------------------------------------------------------------------------
           y |      Coef.   Std. Err.      t    P>|t|     [95% Conf. Interval]
-------------+----------------------------------------------------------------
           k |
          1  |   .1538381   .4700734     0.33   0.745    -.7941553    1.101831
          3  |   .1857822   .4789904     0.39   0.700    -.7801939    1.151758
          4  |    .104257   .4699611     0.22   0.825    -.8435099    1.052024
             |
           x |   .6464225   .0672684     9.61   0.000     .5107629    .7820821
       _cons |   4.660504   .4524968    10.30   0.000     3.747957     5.57305
------------------------------------------------------------------------------

. regress y ib(last).k

      Source |       SS           df       MS      Number of obs   =        48
-------------+----------------------------------   F(3, 44)        =      0.77
       Model |  9.43034226         3  3.14344742   Prob > F        =    0.5162
    Residual |  179.282191        44  4.07459524   R-squared       =    0.0500
-------------+----------------------------------   Adj R-squared   =   -0.0148
       Total |  188.712533        47  4.01516027   Root MSE        =    2.0186

------------------------------------------------------------------------------
           y |      Coef.   Std. Err.      t    P>|t|     [95% Conf. Interval]
-------------+----------------------------------------------------------------
           k |
          1  |  -.1766668   .8240748    -0.21   0.831     -1.83748    1.484147
          2  |  -.1958335   .8240748    -0.24   0.813    -1.856647     1.46498
          3  |   .8841666   .8240748     1.07   0.289    -.7766469     2.54498
             |
       _cons |   7.808333   .5827088    13.40   0.000     6.633961    8.982706
------------------------------------------------------------------------------

. regress y ibn.g, noconstant

      Source |       SS           df       MS      Number of obs   =        48
-------------+----------------------------------   F(3, 45)        =    321.57
       Model |  3068.80005         3  1022.93335   Prob > F        =    0.0000
    Residual |  143.147578        45  3.18105729   R-squared       =    0.9554
-------------+----------------------------------   Adj R-squared   =    0.9525
       Total |  3211.94763        48  66.9155756   Root MSE        =    1.7836

------------------------------------------------------------------------------
           y |      Coef.   Std. Err.      t    P>|t|     [95% Conf. Interval]
-------------+----------------------------------------------------------------
           g |
      baixo  |      6.565    .445888    14.72   0.000     5.666935    7.463064
      medio  |      8.505    .445888    19.07   0.000     7.606936    9.403065
       alto  |    8.73875    .445888    19.60   0.000     7.840686    9.636815
------------------------------------------------------------------------------

. regress y i.g##i.h

      Source |       SS           df       MS      Number of obs   =        48
-------------+----------------------------------   F(5, 42)        =      3.94
       Model |  60.2645056         5  12.0529011   Prob > F        =    0.0051
    Residual |  128.448027        42  3.05828636   R-squared       =    0.3193
-------------+----------------------------------   Adj R-squared   =    0.2383
       Total |  188.712533        47  4.01516027   Root MSE        =    1.7488

------------------------------------------------------------------------------
           y |      Coef.   Std. Err.      t    P>|t|     [95% Conf. Interval]
-------------+----------------------------------------------------------------
           g |
      medio  |     2.9575   .8743978     3.38   0.002     1.192894    4.722106
       alto  |     3.2925   .8743978     3.77   0.001     1.527894    5.057106
             |
         1.h |   .9725001   .8743978     1.11   0.272    -.7921062    2.737106
             |
         g#h |
    medio#1  |     -2.035   1.236585    -1.65   0.107     -4.53053      .46053
     alto#1  |    -2.2375   1.236585    -1.81   0.078     -4.73303    .2580302
             |
       _cons |    6.07875   .6182926     9.83   0.000     4.830985    7.326515
------------------------------------------------------------------------------

. testparm i.g

 ( 1)  2.g = 0
 ( 2)  3.g = 0

       F(  2,    42) =    8.59
            Prob > F =    0.0007

. testparm i.g#i.h

 ( 1)  2.g#1.h = 0
 ( 2)  3.g#1.h = 0

       F(  2,    42) =    2.00
            Prob > F =    0.1476

. regress y g#h

      Source |       SS           df       MS      Number of obs   =        48
-------------+----------------------------------   F(5, 42)        =      3.94
       Model |  60.2645056         5  12.0529011   Prob > F        =    0.0051
    Residual |  128.448027        42  3.05828636   R-squared       =    0.3193
-------------+----------------------------------   Adj R-squared   =    0.2383
       Total |  188.712533        47  4.01516027   Root MSE        =    1.7488

------------------------------------------------------------------------------
           y |      Coef.   Std. Err.      t    P>|t|     [95% Conf. Interval]
-------------+----------------------------------------------------------------
         g#h |
    baixo#1  |   .9725001   .8743978     1.11   0.272    -.7921062    2.737106
    medio#0  |     2.9575   .8743978     3.38   0.002     1.192894    4.722106
    medio#1  |      1.895   .8743978     2.17   0.036     .1303938    3.659606
     alto#0  |     3.2925   .8743978     3.77   0.001     1.527894    5.057106
     alto#1  |     2.0275   .8743978     2.32   0.025     .2628939    3.792106
             |
       _cons |    6.07875   .6182926     9.83   0.000     4.830985    7.326515
------------------------------------------------------------------------------

. regress y i.h##c.x

      Source |       SS           df       MS      Number of obs   =        48
-------------+----------------------------------   F(3, 44)        =     36.63
       Model |  134.754295         3  44.9180982   Prob > F        =    0.0000
    Residual |   53.958238        44  1.22632359   R-squared       =    0.7141
-------------+----------------------------------   Adj R-squared   =    0.6946
       Total |  188.712533        47  4.01516027   Root MSE        =    1.1074

------------------------------------------------------------------------------
           y |      Coef.   Std. Err.      t    P>|t|     [95% Conf. Interval]
-------------+----------------------------------------------------------------
         1.h |   .8688441   .7008951     1.24   0.222    -.5437172    2.281405
           x |   .7301397   .0818164     8.92   0.000     .5652496    .8950298
             |
       h#c.x |
          1  |  -.2034009   .1285138    -1.58   0.121    -.4624036    .0556017
             |
       _cons |   4.398822   .4784598     9.19   0.000     3.434549    5.363094
------------------------------------------------------------------------------

. regress y i.g#c.x

      Source |       SS           df       MS      Number of obs   =        48
-------------+----------------------------------   F(3, 44)        =     45.17
       Model |  142.460588         3  47.4868627   Prob > F        =    0.0000
    Residual |  46.2519446        44  1.05118056   R-squared       =    0.7549
-------------+----------------------------------   Adj R-squared   =    0.7382
       Total |  188.712533        47  4.01516027   Root MSE        =    1.0253

------------------------------------------------------------------------------
           y |      Coef.   Std. Err.      t    P>|t|     [95% Conf. Interval]
-------------+----------------------------------------------------------------
       g#c.x |
      baixo  |   .4742995   .0813441     5.83   0.000     .3103612    .6382377
      medio  |   .6502409   .0650367    10.00   0.000      .519168    .7813137
       alto  |   .7025862   .0672221    10.45   0.000     .5671089    .8380635
             |
       _cons |   4.877781   .3235394    15.08   0.000     4.225731    5.529832
------------------------------------------------------------------------------

. regress y c.x##c.x

      Source |       SS           df       MS      Number of obs   =        48
-------------+----------------------------------   F(2, 45)        =     52.02
       Model |  131.733011         2  65.8665055   Prob > F        =    0.0000
    Residual |  56.9795217        45  1.26621159   R-squared       =    0.6981
-------------+----------------------------------   Adj R-squared   =    0.6846
       Total |  188.712533        47  4.01516027   Root MSE        =    1.1253

------------------------------------------------------------------------------
           y |      Coef.   Std. Err.      t    P>|t|     [95% Conf. Interval]
-------------+----------------------------------------------------------------
           x |    .750084   .2519884     2.98   0.005     .2425534    1.257615
             |
     c.x#c.x |  -.0102715   .0250269    -0.41   0.683    -.0606783    .0401354
             |
       _cons |   4.576769    .556736     8.22   0.000     3.455445    5.698092
------------------------------------------------------------------------------

. regress y i.(g h) x

      Source |       SS           df       MS      Number of obs   =        48
-------------+----------------------------------   F(4, 43)        =     33.56
       Model |   142.93336         4  35.7333399   Prob > F        =    0.0000
    Residual |  45.7791731        43  1.06463193   R-squared       =    0.7574
-------------+----------------------------------   Adj R-squared   =    0.7348
       Total |  188.712533        47  4.01516027   Root MSE        =    1.0318

------------------------------------------------------------------------------
           y |      Coef.   Std. Err.      t    P>|t|     [95% Conf. Interval]
-------------+----------------------------------------------------------------
           g |
      medio  |   .8340586   .3831415     2.18   0.035     .0613801    1.606737
       alto  |   1.214778   .3786735     3.21   0.003     .4511098    1.978445
             |
         1.h |  -.1479308   .2995898    -0.49   0.624    -.7521113    .4562497
           x |   .5878759   .0622595     9.44   0.000     .4623176    .7134341
       _cons |   4.449128   .3875868    11.48   0.000     3.667485    5.230771
------------------------------------------------------------------------------

. regress y i(1 3).k

      Source |       SS           df       MS      Number of obs   =        48
-------------+----------------------------------   F(1, 46)        =      2.34
       Model |  9.15062522         1  9.15062522   Prob > F        =    0.1326
    Residual |  179.561908        46  3.90351973   R-squared       =    0.0485
-------------+----------------------------------   Adj R-squared   =    0.0278
       Total |  188.712533        47  4.01516027   Root MSE        =    1.9757

------------------------------------------------------------------------------
           y |      Coef.   Std. Err.      t    P>|t|     [95% Conf. Interval]
-------------+----------------------------------------------------------------
         3.k |   1.008333   .6585776     1.53   0.133    -.3173145    2.333981
       _cons |   7.684167   .3292888    23.34   0.000     7.021343    8.346991
------------------------------------------------------------------------------

. regress y i.k

      Source |       SS           df       MS      Number of obs   =        48
-------------+----------------------------------   F(3, 44)        =      0.77
       Model |  9.43034226         3  3.14344742   Prob > F        =    0.5162
    Residual |  179.282191        44  4.07459524   R-squared       =    0.0500
-------------+----------------------------------   Adj R-squared   =   -0.0148
       Total |  188.712533        47  4.01516027   Root MSE        =    2.0186

------------------------------------------------------------------------------
           y |      Coef.   Std. Err.      t    P>|t|     [95% Conf. Interval]
-------------+----------------------------------------------------------------
           k |
          2  |  -.0191667   .8240748    -0.02   0.982     -1.67998    1.641647
          3  |   1.060833   .8240748     1.29   0.205    -.5999802    2.721647
          4  |   .1766668   .8240748     0.21   0.831    -1.484147     1.83748
             |
       _cons |   7.631667   .5827088    13.10   0.000     6.457294    8.806039
------------------------------------------------------------------------------

. testparm i.k

 ( 1)  2.k = 0
 ( 2)  3.k = 0
 ( 3)  4.k = 0

       F(  3,    44) =    0.77
            Prob > F =    0.5162

. matrix list e(b)

e(b)[1,5]
            1b.          2.          3.          4.            
             k           k           k           k       _cons
y1           0  -.01916673   1.0608334   .17666676   7.6316667

. regress y i.g, noconstant

      Source |       SS           df       MS      Number of obs   =        48
-------------+----------------------------------   F(2, 46)        =     65.71
       Model |  2379.21246         2  1189.60623   Prob > F        =    0.0000
    Residual |  832.735168        46  18.1029384   R-squared       =    0.7407
-------------+----------------------------------   Adj R-squared   =    0.7295
       Total |  3211.94763        48  66.9155756   Root MSE        =    4.2548

------------------------------------------------------------------------------
           y |      Coef.   Std. Err.      t    P>|t|     [95% Conf. Interval]
-------------+----------------------------------------------------------------
           g |
      medio  |      8.505   1.063689     8.00   0.000     6.363906    10.64609
       alto  |    8.73875   1.063689     8.22   0.000     6.597656    10.87984
------------------------------------------------------------------------------

. gen gneg = g - 2

. capture noisily regress y i.gneg
gneg:  factor variables may not contain negative values

. gen gfrac = g/2

. capture noisily regress y i.gfrac
gfrac:  factor variables may not contain noninteger values

. 
end of do-file
      name:  <unnamed>
       log:  /Users/yaskepalhares/opendta/compat/expected/0502_fatoriais.log
  log type:  text
 closed on:   9 Oct 2026, 11:17:26
---------------------------------------------------------------------------------------------------------------------------------------------------------------------------------------------------------------------------------------------------------------
