---------------------------------------------------------------------------------------------------------------------------------------------------------------------------------------------------------------------------------------------------------------
      name:  <unnamed>
       log:  /Users/yaskepalhares/opendta/compat/expected/0504_posestimacao.log
  log type:  text
 opened on:   9 Oct 2026, 11:17:26

. * Fase 5a: predict, test, testparm, lincom e estimates.
. clear

. estimates clear

. ereturn clear

. set seed 31

. set obs 40
number of observations (_N) was 0, now 40

. gen g = 1 + mod(_n, 3)

. gen x1 = round(runiform()*10, .1)

. gen x2 = round(runiform()*5, .01)

. gen y = 1 + x1 - 2*x2 + g + round(runiform()*4, .01)

. replace x1 = . in 3
(1 real change made, 1 to missing)

. capture noisily predict p0
last estimates not found

. regress y x1 x2 i.g

      Source |       SS           df       MS      Number of obs   =        39
-------------+----------------------------------   F(4, 34)        =    114.06
       Model |   534.42465         4  133.606163   Prob > F        =    0.0000
    Residual |  39.8267136        34  1.17137393   R-squared       =    0.9306
-------------+----------------------------------   Adj R-squared   =    0.9225
       Total |  574.251364        38   15.111878   Root MSE        =    1.0823

------------------------------------------------------------------------------
           y |      Coef.   Std. Err.      t    P>|t|     [95% Conf. Interval]
-------------+----------------------------------------------------------------
          x1 |   .9436796   .0682516    13.83   0.000     .8049757    1.082384
          x2 |  -2.219846    .133907   -16.58   0.000    -2.491978   -1.947714
             |
           g |
          2  |    .135253   .4409628     0.31   0.761    -.7608913    1.031397
          3  |   1.732142   .4486019     3.86   0.000     .8204734    2.643811
             |
       _cons |   5.097423   .5560229     9.17   0.000     3.967448    6.227397
------------------------------------------------------------------------------

. predict yhat
(option xb assumed; fitted values)
(1 missing value generated)

. predict double xb2, xb
(1 missing value generated)

. predict r, residuals
(1 missing value generated)

. predict sp, stdp
(1 missing value generated)

. predict sf, stdf
(1 missing value generated)

. predict hv, hat
(1 missing value generated)

. predict rs, rstandard
(1 missing value generated)

. predict rt, rstudent
(1 missing value generated)

. predict cd, cooksd
(1 missing value generated)

. predict rin if g == 1, residuals
(28 missing values generated)

. summarize yhat xb2 r sp sf hv rs rt cd rin

    Variable |        Obs        Mean    Std. Dev.       Min        Max
-------------+---------------------------------------------------------
        yhat |         39    5.345641    3.750174  -2.453272   11.79774
         xb2 |         39    5.345641    3.750174  -2.453272   11.79774
           r |         39    1.30e-09    1.023754  -2.289574   1.934043
          sp |         39    .3852594    .0423965   .3091973   .4601969
          sf |         39    1.149502    .0141184   1.125601   1.176076
-------------+---------------------------------------------------------
          hv |         39    .1282051    .0277133   .0816161   .1807972
          rs |         39    .0043415    1.014878  -2.249449   1.927104
          rt |         39     .006747    1.039024  -2.402061   2.011589
          cd |         39    .0305314    .0394457   2.15e-07   .1608334
         rin |         12    4.97e-09    1.216325  -2.289574    1.67986

. list y yhat r sp hv cd in 1/5

     +--------------------------------------------------------------+
     |    y       yhat           r         sp         hv         cd |
     |--------------------------------------------------------------|
  1. | 5.18   5.533384    -.353384    .313877   .0841053   .0021378 |
  2. | 2.51   .5759574    1.934043   .4051665    .140143   .1210558 |
  3. | 7.49          .           .          .          .          . |
  4. | 3.07   1.620293    1.449707   .3561136   .1082634   .0488544 |
  5. | 6.49   6.664889   -.1748891   .3757781   .1205501    .000814 |
     +--------------------------------------------------------------+

. test x1

 ( 1)  x1 = 0

       F(  1,    34) =  191.17
            Prob > F =    0.0000

. test x1 x2

 ( 1)  x1 = 0
 ( 2)  x2 = 0

       F(  2,    34) =  212.57
            Prob > F =    0.0000

. test x1 = x2

 ( 1)  x1 - x2 = 0

       F(  1,    34) =  410.48
            Prob > F =    0.0000

. test x1 + x2 = -1

 ( 1)  x1 + x2 = -1

       F(  1,    34) =    3.67
            Prob > F =    0.0639

. test (x1 = 0) (x2 = -2)

 ( 1)  x1 = 0
 ( 2)  x2 = -2

       F(  2,    34) =   95.63
            Prob > F =    0.0000

. test 2.g 3.g

 ( 1)  2.g = 0
 ( 2)  3.g = 0

       F(  2,    34) =    9.93
            Prob > F =    0.0004

. test 2.g = 3.g

 ( 1)  2.g - 3.g = 0

       F(  1,    34) =   14.57
            Prob > F =    0.0005

. test x1, notest

 ( 1)  x1 = 0

. test x2, accumulate

 ( 1)  x1 = 0
 ( 2)  x2 = 0

       F(  2,    34) =  212.57
            Prob > F =    0.0000

. test _b[x1] = 1

 ( 1)  x1 = 1

       F(  1,    34) =    0.68
            Prob > F =    0.4150

. return list

scalars:
               r(drop) =  0
               r(df_r) =  34
                  r(F) =  .6809356632375557
                 r(df) =  1
                  r(p) =  .4150171255401209

. testparm x1 x2

 ( 1)  x1 = 0
 ( 2)  x2 = 0

       F(  2,    34) =  212.57
            Prob > F =    0.0000

. testparm i.g, equal

 ( 1)  - 2.g + 3.g = 0

       F(  1,    34) =   14.57
            Prob > F =    0.0005

. lincom x1 + x2

 ( 1)  x1 + x2 = 0

------------------------------------------------------------------------------
           y |      Coef.   Std. Err.      t    P>|t|     [95% Conf. Interval]
-------------+----------------------------------------------------------------
         (1) |  -1.276166   .1442137    -8.85   0.000    -1.569244    -.983089
------------------------------------------------------------------------------

. lincom x1 - 2*x2

 ( 1)  x1 - 2*x2 = 0

------------------------------------------------------------------------------
           y |      Coef.   Std. Err.      t    P>|t|     [95% Conf. Interval]
-------------+----------------------------------------------------------------
         (1) |   5.383372   .2827829    19.04   0.000     4.808688    5.958056
------------------------------------------------------------------------------

. lincom 3.g - 2.g

 ( 1)  - 2.g + 3.g = 0

------------------------------------------------------------------------------
           y |      Coef.   Std. Err.      t    P>|t|     [95% Conf. Interval]
-------------+----------------------------------------------------------------
         (1) |   1.596889   .4183842     3.82   0.001     .7466301    2.447148
------------------------------------------------------------------------------

. lincom x1, level(90)

 ( 1)  x1 = 0

------------------------------------------------------------------------------
           y |      Coef.   Std. Err.      t    P>|t|     [90% Conf. Interval]
-------------+----------------------------------------------------------------
         (1) |   .9436796   .0682516    13.83   0.000     .8282713    1.059088
------------------------------------------------------------------------------

. return list

scalars:
                 r(df) =  34
                 r(se) =  .0682515875628145
           r(estimate) =  .9436795912666063

. estimates store completo

. regress y x1

      Source |       SS           df       MS      Number of obs   =        39
-------------+----------------------------------   F(1, 37)        =     17.41
       Model |  183.716898         1  183.716898   Prob > F        =    0.0002
    Residual |  390.534466        37  10.5549856   R-squared       =    0.3199
-------------+----------------------------------   Adj R-squared   =    0.3015
       Total |  574.251364        38   15.111878   Root MSE        =    3.2488

------------------------------------------------------------------------------
           y |      Coef.   Std. Err.      t    P>|t|     [95% Conf. Interval]
-------------+----------------------------------------------------------------
          x1 |   .8263083   .1980598     4.17   0.000      .425001    1.227616
       _cons |   1.216218    1.11818     1.09   0.284     -1.04943    3.481867
------------------------------------------------------------------------------

. estimates store simples

. estimates dir

-------------------------------------------------------
        name | command      depvar       npar  title 
-------------+-----------------------------------------
    completo | regress      y               6  
     simples | regress      y               2  
-------------------------------------------------------

. estimates table completo simples

----------------------------------------
    Variable |  completo     simples    
-------------+--------------------------
          x1 |  .94367959     .8263083  
          x2 | -2.2198461               
             |
           g |
          2  |  .13525301               
          3  |  1.7321421               
             |
       _cons |  5.0974226    1.2162182  
----------------------------------------

. estimates table completo simples, se

----------------------------------------
    Variable |  completo     simples    
-------------+--------------------------
          x1 |  .94367959     .8263083  
             |  .06825159    .19805982  
          x2 | -2.2198461               
             |  .13390699               
             |
           g |
          2  |  .13525301               
             |  .44096283               
          3  |  1.7321421               
             |  .44860187               
             |
       _cons |  5.0974226    1.2162182  
             |  .55602289    1.1181804  
----------------------------------------
                            legend: b/se

. estimates table completo simples, stats(N r2) b(%9.3f)

--------------------------------------
    Variable | completo     simples   
-------------+------------------------
          x1 |     0.944       0.826  
          x2 |    -2.220              
             |
           g |
          2  |     0.135              
          3  |     1.732              
             |
       _cons |     5.097       1.216  
-------------+------------------------
           N |        39          39  
          r2 |     0.931       0.320  
--------------------------------------

. estimates table completo simples, star

----------------------------------------------
    Variable |   completo         simples     
-------------+--------------------------------
          x1 |  .94367959***     .8263083***  
          x2 | -2.2198461***                  
             |
           g |
          2  |  .13525301                     
          3  |  1.7321421***                  
             |
       _cons |  5.0974226***    1.2162182     
----------------------------------------------
      legend: * p<0.05; ** p<0.01; *** p<0.001

. estimates restore completo
(results completo are active now)

. display e(cmd) " " e(N)
regress 39

. estimates replay simples

---------------------------------------------------------------------------------------------------------------------------------------------------------------------------------------------------------------------------------------------------------------
Model simples
---------------------------------------------------------------------------------------------------------------------------------------------------------------------------------------------------------------------------------------------------------------

      Source |       SS           df       MS      Number of obs   =        39
-------------+----------------------------------   F(1, 37)        =     17.41
       Model |  183.716898         1  183.716898   Prob > F        =    0.0002
    Residual |  390.534466        37  10.5549856   R-squared       =    0.3199
-------------+----------------------------------   Adj R-squared   =    0.3015
       Total |  574.251364        38   15.111878   Root MSE        =    3.2488

------------------------------------------------------------------------------
           y |      Coef.   Std. Err.      t    P>|t|     [95% Conf. Interval]
-------------+----------------------------------------------------------------
          x1 |   .8263083   .1980598     4.17   0.000      .425001    1.227616
       _cons |   1.216218    1.11818     1.09   0.284     -1.04943    3.481867
------------------------------------------------------------------------------

. estimates drop simples

. estimates dir

-------------------------------------------------------
        name | command      depvar       npar  title 
-------------+-----------------------------------------
    completo | regress      y               6  
-------------------------------------------------------

. capture noisily estimates restore simples
estimation result simples not found

. capture noisily test x9
x9 not found

. 
end of do-file
      name:  <unnamed>
       log:  /Users/yaskepalhares/opendta/compat/expected/0504_posestimacao.log
  log type:  text
 closed on:   9 Oct 2026, 11:17:26
---------------------------------------------------------------------------------------------------------------------------------------------------------------------------------------------------------------------------------------------------------------
