---------------------------------------------------------------------------------------------------------------------------------------------------------------------------------------------------------------------------------------------------------------
      name:  <unnamed>
       log:  /Users/yaskepalhares/opendta/compat/expected/0505_colinearidade.log
  log type:  text
 opened on:   9 Oct 2026, 11:17:26

. * Fase 5a: qual variável o regress omite por colinearidade, pesos e opções.
. clear

. estimates clear

. ereturn clear

. set seed 505

. set obs 50
number of observations (_N) was 0, now 50

. gen x1 = round(runiform()*10, .1)

. gen x2 = round(runiform()*5, .01)

. gen x3 = 2*x1

. gen x4 = x1 + x2

. gen d1 = _n <= 10

. gen d2 = _n > 10 & _n <= 30

. gen d3 = _n > 30

. gen g = 1 + d2 + 2*d3

. gen y = 1 + x1 - x2 + 2*d2 + round(runiform()*3, .01)

. regress y x3 x1 x2
note: x1 omitted because of collinearity

      Source |       SS           df       MS      Number of obs   =        50
-------------+----------------------------------   F(2, 47)        =     97.50
       Model |   386.53065         2  193.265325   Prob > F        =    0.0000
    Residual |  93.1599936        47  1.98212752   R-squared       =    0.8058
-------------+----------------------------------   Adj R-squared   =    0.7975
       Total |  479.690643        49  9.78960497   Root MSE        =    1.4079

------------------------------------------------------------------------------
           y |      Coef.   Std. Err.      t    P>|t|     [95% Conf. Interval]
-------------+----------------------------------------------------------------
          x3 |   .4430226     .03692    12.00   0.000     .3687491    .5172961
          x1 |          0  (omitted)
          x2 |  -1.085387   .1440936    -7.53   0.000    -1.375266   -.7955077
       _cons |    4.20404   .4936522     8.52   0.000      3.21094    5.197141
------------------------------------------------------------------------------

. regress y x1 x3 x2
note: x1 omitted because of collinearity

      Source |       SS           df       MS      Number of obs   =        50
-------------+----------------------------------   F(2, 47)        =     97.50
       Model |   386.53065         2  193.265325   Prob > F        =    0.0000
    Residual |  93.1599936        47  1.98212752   R-squared       =    0.8058
-------------+----------------------------------   Adj R-squared   =    0.7975
       Total |  479.690643        49  9.78960497   Root MSE        =    1.4079

------------------------------------------------------------------------------
           y |      Coef.   Std. Err.      t    P>|t|     [95% Conf. Interval]
-------------+----------------------------------------------------------------
          x1 |          0  (omitted)
          x3 |   .4430226     .03692    12.00   0.000     .3687491    .5172961
          x2 |  -1.085387   .1440936    -7.53   0.000    -1.375266   -.7955077
       _cons |    4.20404   .4936522     8.52   0.000      3.21094    5.197141
------------------------------------------------------------------------------

. regress y x1 x2 x4
note: x1 omitted because of collinearity

      Source |       SS           df       MS      Number of obs   =        50
-------------+----------------------------------   F(2, 47)        =     97.50
       Model |  386.530643         2  193.265321   Prob > F        =    0.0000
    Residual |  93.1600008        47  1.98212768   R-squared       =    0.8058
-------------+----------------------------------   Adj R-squared   =    0.7975
       Total |  479.690643        49  9.78960497   Root MSE        =    1.4079

------------------------------------------------------------------------------
           y |      Coef.   Std. Err.      t    P>|t|     [95% Conf. Interval]
-------------+----------------------------------------------------------------
          x1 |          0  (omitted)
          x2 |  -1.971432   .1640527   -12.02   0.000    -2.301463     -1.6414
          x4 |   .8860452     .07384    12.00   0.000     .7374983    1.034592
       _cons |    4.20404   .4936522     8.52   0.000      3.21094    5.197141
------------------------------------------------------------------------------

. regress y x4 x1 x2
note: x1 omitted because of collinearity

      Source |       SS           df       MS      Number of obs   =        50
-------------+----------------------------------   F(2, 47)        =     97.50
       Model |  386.530643         2  193.265321   Prob > F        =    0.0000
    Residual |  93.1600008        47  1.98212768   R-squared       =    0.8058
-------------+----------------------------------   Adj R-squared   =    0.7975
       Total |  479.690643        49  9.78960497   Root MSE        =    1.4079

------------------------------------------------------------------------------
           y |      Coef.   Std. Err.      t    P>|t|     [95% Conf. Interval]
-------------+----------------------------------------------------------------
          x4 |   .8860452     .07384    12.00   0.000     .7374983    1.034592
          x1 |          0  (omitted)
          x2 |  -1.971432   .1640527   -12.02   0.000    -2.301463     -1.6414
       _cons |    4.20404   .4936522     8.52   0.000      3.21094    5.197141
------------------------------------------------------------------------------

. regress y d1 d2 d3
note: d3 omitted because of collinearity

      Source |       SS           df       MS      Number of obs   =        50
-------------+----------------------------------   F(2, 47)        =      4.52
       Model |  77.3168133         2  38.6584066   Prob > F        =    0.0161
    Residual |   402.37383        47  8.56114532   R-squared       =    0.1612
-------------+----------------------------------   Adj R-squared   =    0.1255
       Total |  479.690643        49  9.78960497   Root MSE        =    2.9259

------------------------------------------------------------------------------
           y |      Coef.   Std. Err.      t    P>|t|     [95% Conf. Interval]
-------------+----------------------------------------------------------------
          d1 |     -2.345   1.133213    -2.07   0.044    -4.624731   -.0652695
          d2 |      1.059   .9252646     1.14   0.258    -.8023923    2.920392
          d3 |          0  (omitted)
       _cons |      5.551   .6542609     8.48   0.000     4.234797    6.867203
------------------------------------------------------------------------------

. regress y d3 d2 d1
note: d3 omitted because of collinearity

      Source |       SS           df       MS      Number of obs   =        50
-------------+----------------------------------   F(2, 47)        =      4.52
       Model |  77.3168133         2  38.6584066   Prob > F        =    0.0161
    Residual |   402.37383        47  8.56114532   R-squared       =    0.1612
-------------+----------------------------------   Adj R-squared   =    0.1255
       Total |  479.690643        49  9.78960497   Root MSE        =    2.9259

------------------------------------------------------------------------------
           y |      Coef.   Std. Err.      t    P>|t|     [95% Conf. Interval]
-------------+----------------------------------------------------------------
          d3 |          0  (omitted)
          d2 |      1.059   .9252646     1.14   0.258    -.8023923    2.920392
          d1 |     -2.345   1.133213    -2.07   0.044    -4.624731   -.0652695
       _cons |      5.551   .6542609     8.48   0.000     4.234797    6.867203
------------------------------------------------------------------------------

. regress y d1 d2 d3, noconstant

      Source |       SS           df       MS      Number of obs   =        50
-------------+----------------------------------   F(3, 47)        =     62.02
       Model |  1592.89838         3  530.966127   Prob > F        =    0.0000
    Residual |   402.37383        47  8.56114532   R-squared       =    0.7983
-------------+----------------------------------   Adj R-squared   =    0.7855
       Total |  1995.27221        50  39.9054442   Root MSE        =    2.9259

------------------------------------------------------------------------------
           y |      Coef.   Std. Err.      t    P>|t|     [95% Conf. Interval]
-------------+----------------------------------------------------------------
          d1 |      3.206   .9252646     3.46   0.001     1.344608    5.067392
          d2 |       6.61   .6542609    10.10   0.000     5.293797    7.926203
          d3 |      5.551   .6542609     8.48   0.000     4.234797    6.867203
------------------------------------------------------------------------------

. regress y i.g d2
note: d2 omitted because of collinearity

      Source |       SS           df       MS      Number of obs   =        50
-------------+----------------------------------   F(2, 47)        =      4.52
       Model |  77.3168133         2  38.6584066   Prob > F        =    0.0161
    Residual |   402.37383        47  8.56114532   R-squared       =    0.1612
-------------+----------------------------------   Adj R-squared   =    0.1255
       Total |  479.690643        49  9.78960497   Root MSE        =    2.9259

------------------------------------------------------------------------------
           y |      Coef.   Std. Err.      t    P>|t|     [95% Conf. Interval]
-------------+----------------------------------------------------------------
           g |
          2  |      3.404   1.133213     3.00   0.004     1.124269    5.683731
          3  |      2.345   1.133213     2.07   0.044     .0652695    4.624731
             |
          d2 |          0  (omitted)
       _cons |      3.206   .9252646     3.46   0.001     1.344608    5.067392
------------------------------------------------------------------------------

. regress y x1 if d1

      Source |       SS           df       MS      Number of obs   =        10
-------------+----------------------------------   F(1, 8)         =     12.76
       Model |  37.9490757         1  37.9490757   Prob > F        =    0.0073
    Residual |  23.7877695         8  2.97347119   R-squared       =    0.6147
-------------+----------------------------------   Adj R-squared   =    0.5665
       Total |  61.7368452         9  6.85964947   Root MSE        =    1.7244

------------------------------------------------------------------------------
           y |      Coef.   Std. Err.      t    P>|t|     [95% Conf. Interval]
-------------+----------------------------------------------------------------
          x1 |   .7312918    .204702     3.57   0.007     .2592483    1.203335
       _cons |   .5514105   .9216818     0.60   0.566    -1.573992    2.676813
------------------------------------------------------------------------------

. gen um = 1

. regress y x1 um
note: um omitted because of collinearity

      Source |       SS           df       MS      Number of obs   =        50
-------------+----------------------------------   F(1, 48)        =     63.98
       Model |  274.067271         1  274.067271   Prob > F        =    0.0000
    Residual |  205.623373        48  4.28382027   R-squared       =    0.5713
-------------+----------------------------------   Adj R-squared   =    0.5624
       Total |  479.690643        49  9.78960497   Root MSE        =    2.0697

------------------------------------------------------------------------------
           y |      Coef.   Std. Err.      t    P>|t|     [95% Conf. Interval]
-------------+----------------------------------------------------------------
          x1 |   .8678022   .1084945     8.00   0.000     .6496593    1.085945
          um |          0  (omitted)
       _cons |   1.779257   .5501966     3.23   0.002      .673013    2.885502
------------------------------------------------------------------------------

. regress y x1 x2 [aweight=g], vce(robust)
(sum of wgt is   1.1000e+02)

Linear regression                               Number of obs     =         50
                                                F(2, 47)          =      99.36
                                                Prob > F          =     0.0000
                                                R-squared         =     0.8082
                                                Root MSE          =     1.3768

------------------------------------------------------------------------------
             |               Robust
           y |      Coef.   Std. Err.      t    P>|t|     [95% Conf. Interval]
-------------+----------------------------------------------------------------
          x1 |   .8580837   .0736588    11.65   0.000     .7099012    1.006266
          x2 |  -1.046509   .1394494    -7.50   0.000    -1.327045   -.7659734
       _cons |   4.191672   .4985724     8.41   0.000     3.188673     5.19467
------------------------------------------------------------------------------

. regress y x1 x2 [iweight=g]

      Source |       SS           df       MS      Number of obs   =       110
-------------+----------------------------------   F(2, 107)       =    225.41
       Model |  825.819227         2  412.909614   Prob > F        =    0.0000
    Residual |  196.000265       107  1.83177817   R-squared       =    0.8082
-------------+----------------------------------   Adj R-squared   =    0.8046
       Total |  1021.81949       109  9.37449075   Root MSE        =    1.3534

------------------------------------------------------------------------------
           y |      Coef.   Std. Err.      t    P>|t|     [95% Conf. Interval]
-------------+----------------------------------------------------------------
          x1 |   .8580837    .048414    17.72   0.000     .7621085    .9540589
          x2 |  -1.046509   .0941555   -11.11   0.000    -1.233162   -.8598572
       _cons |   4.191672   .3337842    12.56   0.000     3.529983     4.85336
------------------------------------------------------------------------------

. regress y x1 x2, vce(hc2)

Linear regression                               Number of obs     =         50
                                                F(2, 47)          =      94.04
                                                Prob > F          =     0.0000
                                                R-squared         =     0.8058
                                                Root MSE          =     1.4079

------------------------------------------------------------------------------
             |             Robust HC2
           y |      Coef.   Std. Err.      t    P>|t|     [95% Conf. Interval]
-------------+----------------------------------------------------------------
          x1 |   .8860452   .0759764    11.66   0.000     .7332004     1.03889
          x2 |  -1.085387   .1502996    -7.22   0.000     -1.38775   -.7830228
       _cons |    4.20404   .5091679     8.26   0.000     3.179727    5.228354
------------------------------------------------------------------------------

. regress y x1 x2, vce(hc3)

Linear regression                               Number of obs     =         50
                                                F(2, 47)          =      85.84
                                                Prob > F          =     0.0000
                                                R-squared         =     0.8058
                                                Root MSE          =     1.4079

------------------------------------------------------------------------------
             |             Robust HC3
           y |      Coef.   Std. Err.      t    P>|t|     [95% Conf. Interval]
-------------+----------------------------------------------------------------
          x1 |   .8860452   .0794425    11.15   0.000     .7262276    1.045863
          x2 |  -1.085387   .1571134    -6.91   0.000    -1.401458   -.7693153
       _cons |    4.20404   .5320112     7.90   0.000     3.133772    5.274309
------------------------------------------------------------------------------

. regress y x1 x2, vce(cluster g)

Linear regression                               Number of obs     =         50
                                                F(1, 2)           =          .
                                                Prob > F          =          .
                                                R-squared         =     0.8058
                                                Root MSE          =     1.4079

                                      (Std. Err. adjusted for 3 clusters in g)
------------------------------------------------------------------------------
             |               Robust
           y |      Coef.   Std. Err.      t    P>|t|     [95% Conf. Interval]
-------------+----------------------------------------------------------------
          x1 |   .8860452   .0615154    14.40   0.005     .6213656    1.150725
          x2 |  -1.085387   .0862846   -12.58   0.006    -1.456639    -.714134
       _cons |    4.20404   .7014202     5.99   0.027     1.186073    7.222008
------------------------------------------------------------------------------

. regress y x1 x2, level(99) noheader
------------------------------------------------------------------------------
           y |      Coef.   Std. Err.      t    P>|t|     [99% Conf. Interval]
-------------+----------------------------------------------------------------
          x1 |   .8860452     .07384    12.00   0.000     .6878176    1.084273
          x2 |  -1.085387   .1440936    -7.53   0.000    -1.472214   -.6985593
       _cons |    4.20404   .4936522     8.52   0.000     2.878804    5.529277
------------------------------------------------------------------------------

. regress, level(80)

      Source |       SS           df       MS      Number of obs   =        50
-------------+----------------------------------   F(2, 47)        =     97.50
       Model |   386.53065         2  193.265325   Prob > F        =    0.0000
    Residual |  93.1599936        47  1.98212752   R-squared       =    0.8058
-------------+----------------------------------   Adj R-squared   =    0.7975
       Total |  479.690643        49  9.78960497   Root MSE        =    1.4079

------------------------------------------------------------------------------
           y |      Coef.   Std. Err.      t    P>|t|     [80% Conf. Interval]
-------------+----------------------------------------------------------------
          x1 |   .8860452     .07384    12.00   0.000     .7900661    .9820243
          x2 |  -1.085387   .1440936    -7.53   0.000    -1.272683   -.8980901
       _cons |    4.20404   .4936522     8.52   0.000     3.562379    4.845702
------------------------------------------------------------------------------

. 
end of do-file
      name:  <unnamed>
       log:  /Users/yaskepalhares/opendta/compat/expected/0505_colinearidade.log
  log type:  text
 closed on:   9 Oct 2026, 11:17:26
---------------------------------------------------------------------------------------------------------------------------------------------------------------------------------------------------------------------------------------------------------------
