---------------------------------------------------------------------------------------------------------------------------------------------------------------------------------------------------------------------------------------------------------------
      name:  <unnamed>
       log:  /Users/yaskepalhares/opendta/compat/expected/0507_poisson.log
  log type:  text
 opened on:   9 Oct 2026, 12:10:01

. * Fase 5b: poisson (offset, exposure, irr, vce) e predict.
. clear

. estimates clear

. ereturn clear

. set seed 707

. set obs 90
number of observations (_N) was 0, now 90

. gen x1 = round(runiform()*10, .1)

. gen x2 = round(runiform()*5, .01)

. gen t = 1 + mod(_n, 4)

. gen c = floor(-ln(runiform())*exp(.1 + .1*x1))

. poisson c x1 x2

Iteration 0:   log likelihood = -166.37907  
Iteration 1:   log likelihood = -166.37907  

Poisson regression                              Number of obs     =         90
                                                LR chi2(2)        =       0.84
                                                Prob > chi2       =     0.6576
Log likelihood = -166.37907                     Pseudo R2         =     0.0025

------------------------------------------------------------------------------
           c |      Coef.   Std. Err.      z    P>|z|     [95% Conf. Interval]
-------------+----------------------------------------------------------------
          x1 |   .0151555   .0330378     0.46   0.646    -.0495973    .0799083
          x2 |  -.0467963   .0667626    -0.70   0.483    -.1776486     .084056
       _cons |   .4200015    .281628     1.49   0.136    -.1319792    .9719822
------------------------------------------------------------------------------

. ereturn list

scalars:
               e(rank) =  3
                  e(N) =  90
                 e(ic) =  1
                  e(k) =  3
               e(k_eq) =  1
               e(k_dv) =  1
          e(converged) =  1
                 e(rc) =  0
                 e(ll) =  -166.3790668953718
         e(k_eq_model) =  1
               e(ll_0) =  -166.7982983568294
               e(df_m) =  2
               e(chi2) =  .838462922915312
                  e(p) =  .6575519797127705
               e(r2_p) =  .0025134037072776

macros:
            e(cmdline) : "poisson c x1 x2"
                e(cmd) : "poisson"
            e(predict) : "poisso_p"
          e(estat_cmd) : "poisson_estat"
           e(chi2type) : "LR"
                e(opt) : "moptimize"
                e(vce) : "oim"
              e(title) : "Poisson regression"
               e(user) : "poiss_lf"
          e(ml_method) : "e2"
          e(technique) : "nr"
              e(which) : "max"
             e(depvar) : "c"
         e(properties) : "b V"

matrices:
                  e(b) :  1 x 3
                  e(V) :  3 x 3
               e(ilog) :  1 x 20
           e(gradient) :  1 x 3

functions:
             e(sample)   

. poisson c x1 x2, irr

Iteration 0:   log likelihood = -166.37907  
Iteration 1:   log likelihood = -166.37907  

Poisson regression                              Number of obs     =         90
                                                LR chi2(2)        =       0.84
                                                Prob > chi2       =     0.6576
Log likelihood = -166.37907                     Pseudo R2         =     0.0025

------------------------------------------------------------------------------
           c |        IRR   Std. Err.      z    P>|z|     [95% Conf. Interval]
-------------+----------------------------------------------------------------
          x1 |   1.015271   .0335423     0.46   0.646     .9516126    1.083188
          x2 |   .9542818   .0637104    -0.70   0.483     .8372365     1.08769
       _cons |   1.521964   .4286276     1.49   0.136     .8763593    2.643179
------------------------------------------------------------------------------

. poisson c x1 x2, exposure(t)

Iteration 0:   log likelihood = -177.26854  
Iteration 1:   log likelihood = -177.26854  

Poisson regression                              Number of obs     =         90
                                                LR chi2(2)        =       0.33
                                                Prob > chi2       =     0.8483
Log likelihood = -177.26854                     Pseudo R2         =     0.0009

------------------------------------------------------------------------------
           c |      Coef.   Std. Err.      z    P>|z|     [95% Conf. Interval]
-------------+----------------------------------------------------------------
          x1 |   .0031438   .0328181     0.10   0.924    -.0611785    .0674661
          x2 |  -.0355864   .0669657    -0.53   0.595    -.1668368     .095664
       _cons |  -.4567206   .2854198    -1.60   0.110    -1.016133     .102692
       ln(t) |          1  (exposure)
------------------------------------------------------------------------------

. poisson c x1 x2, offset(x2)

Iteration 0:   log likelihood = -166.37907  
Iteration 1:   log likelihood = -166.37907  

Poisson regression                              Number of obs     =         90
                                                LR chi2(2)        =     237.58
                                                Prob > chi2       =     0.0000
Log likelihood = -166.37907                     Pseudo R2         =     0.4166

------------------------------------------------------------------------------
           c |      Coef.   Std. Err.      z    P>|z|     [95% Conf. Interval]
-------------+----------------------------------------------------------------
          x1 |   .0151555   .0330378     0.46   0.646    -.0495973    .0799083
          x2 |  -1.046796   .0667626   -15.68   0.000    -1.177649    -.915944
       _cons |   .4200015    .281628     1.49   0.136    -.1319792    .9719822
          x2 |          1  (offset)
------------------------------------------------------------------------------

. poisson c x1 x2, vce(robust)

Iteration 0:   log pseudolikelihood = -166.37907  
Iteration 1:   log pseudolikelihood = -166.37907  

Poisson regression                              Number of obs     =         90
                                                Wald chi2(2)      =       0.42
                                                Prob > chi2       =     0.8120
Log pseudolikelihood = -166.37907               Pseudo R2         =     0.0025

------------------------------------------------------------------------------
             |               Robust
           c |      Coef.   Std. Err.      z    P>|z|     [95% Conf. Interval]
-------------+----------------------------------------------------------------
          x1 |   .0151555   .0464023     0.33   0.744    -.0757913    .1061024
          x2 |  -.0467963   .0988082    -0.47   0.636    -.2404569    .1468643
       _cons |   .4200015   .4386032     0.96   0.338     -.439645    1.279648
------------------------------------------------------------------------------

. predict n
(option n assumed; predicted number of events)

. predict ir, ir

. predict xb, xb

. summarize n ir xb

    Variable |        Obs        Mean    Std. Dev.       Min        Max
-------------+---------------------------------------------------------
           n |         90    1.477778    .1180937   1.245832   1.763382
          ir |         90    1.477778    .1180937   1.245832   1.763382
          xb |         90    .3873857    .0798668   .2198037   .5672335

. estimates store p1

. poisson c x1

Iteration 0:   log likelihood =  -166.6254  
Iteration 1:   log likelihood =  -166.6254  

Poisson regression                              Number of obs     =         90
                                                LR chi2(1)        =       0.35
                                                Prob > chi2       =     0.5565
Log likelihood =  -166.6254                     Pseudo R2         =     0.0010

------------------------------------------------------------------------------
           c |      Coef.   Std. Err.      z    P>|z|     [95% Conf. Interval]
-------------+----------------------------------------------------------------
          x1 |   .0191671   .0326721     0.59   0.557     -.044869    .0832032
       _cons |    .282558   .2054726     1.38   0.169    -.1201609     .685277
------------------------------------------------------------------------------

. estimates store p2

. estimates table p1 p2, stats(N ll)

----------------------------------------
    Variable |     p1           p2      
-------------+--------------------------
          x1 |  .01515553    .01916711  
          x2 |  -.0467963               
       _cons |  .42000153    .28255804  
-------------+--------------------------
           N |         90           90  
          ll | -166.37907    -166.6254  
----------------------------------------

. 
end of do-file
      name:  <unnamed>
       log:  /Users/yaskepalhares/opendta/compat/expected/0507_poisson.log
  log type:  text
 closed on:   9 Oct 2026, 12:10:01
---------------------------------------------------------------------------------------------------------------------------------------------------------------------------------------------------------------------------------------------------------------
