---------------------------------------------------------------------------------------------------------------------------------------------------------------------------------------------------------------------------------------------------------------
      name:  <unnamed>
       log:  /Users/yaskepalhares/opendta/compat/expected/0511_margins_nlcom.log
  log type:  text
 opened on:   9 Oct 2026, 12:10:01

. * Fase 5b: margins e nlcom.
. clear

. estimates clear

. ereturn clear

. set seed 611

. set obs 80
number of observations (_N) was 0, now 80

. gen x1 = round(runiform()*10, .1)

. gen x2 = round(runiform()*5, .01)

. gen g = 1 + mod(_n, 3)

. gen y = runiform() < invlogit(-2 + .3*x1 - .2*x2 + .5*(g==2))

. gen yc = 1 + x1 - x2 + g + round(runiform(), .01)

. logit y x1 x2 i.g

Iteration 0:   log likelihood = -47.991842  
Iteration 1:   log likelihood = -41.330647  
Iteration 2:   log likelihood = -41.089358  
Iteration 3:   log likelihood = -41.088733  
Iteration 4:   log likelihood = -41.088733  

Logistic regression                             Number of obs     =         80
                                                LR chi2(4)        =      13.81
                                                Prob > chi2       =     0.0079
Log likelihood = -41.088733                     Pseudo R2         =     0.1438

------------------------------------------------------------------------------
           y |      Coef.   Std. Err.      z    P>|z|     [95% Conf. Interval]
-------------+----------------------------------------------------------------
          x1 |    .338001   .1168535     2.89   0.004     .1089723    .5670296
          x2 |   -.284719   .1883019    -1.51   0.131    -.6537841     .084346
             |
           g |
          2  |   -.329637   .6722446    -0.49   0.624    -1.647212    .9879381
          3  |  -.7878738   .6963453    -1.13   0.258    -2.152686    .5769378
             |
       _cons |  -1.581994   .9049961    -1.75   0.080    -3.355754    .1917657
------------------------------------------------------------------------------

. margins

Predictive margins                              Number of obs     =         80
Model VCE    : OIM

Expression   : Pr(y), predict()

------------------------------------------------------------------------------
             |            Delta-method
             |     Margin   Std. Err.      z    P>|z|     [95% Conf. Interval]
-------------+----------------------------------------------------------------
       _cons |      .2875   .0461067     6.24   0.000     .1971325    .3778675
------------------------------------------------------------------------------

. margins g

Predictive margins                              Number of obs     =         80
Model VCE    : OIM

Expression   : Pr(y), predict()

------------------------------------------------------------------------------
             |            Delta-method
             |     Margin   Std. Err.      z    P>|z|     [95% Conf. Interval]
-------------+----------------------------------------------------------------
           g |
          1  |   .3563959   .0886811     4.02   0.000     .1825842    .5302075
          2  |   .2972452     .08043     3.70   0.000     .1396053    .4548852
          3  |   .2240909   .0701328     3.20   0.001     .0866331    .3615487
------------------------------------------------------------------------------

. margins, dydx(x1)

Average marginal effects                        Number of obs     =         80
Model VCE    : OIM

Expression   : Pr(y), predict()
dy/dx w.r.t. : x1

------------------------------------------------------------------------------
             |            Delta-method
             |      dy/dx   Std. Err.      z    P>|z|     [95% Conf. Interval]
-------------+----------------------------------------------------------------
          x1 |   .0574826    .016039     3.58   0.000     .0260466    .0889185
------------------------------------------------------------------------------

. margins, dydx(*)

Average marginal effects                        Number of obs     =         80
Model VCE    : OIM

Expression   : Pr(y), predict()
dy/dx w.r.t. : x1 x2 2.g 3.g

------------------------------------------------------------------------------
             |            Delta-method
             |      dy/dx   Std. Err.      z    P>|z|     [95% Conf. Interval]
-------------+----------------------------------------------------------------
          x1 |   .0574826    .016039     3.58   0.000     .0260466    .0889185
          x2 |  -.0484211   .0305111    -1.59   0.113    -.1082217    .0113795
             |
           g |
          2  |  -.0591506   .1198995    -0.49   0.622    -.2941494    .1758481
          3  |   -.132305   .1137062    -1.16   0.245    -.3551651    .0905552
------------------------------------------------------------------------------
Note: dy/dx for factor levels is the discrete change from the base level.

. margins, at(x1=(2 4 6))

Predictive margins                              Number of obs     =         80
Model VCE    : OIM

Expression   : Pr(y), predict()

1._at        : x1              =           2

2._at        : x1              =           4

3._at        : x1              =           6

------------------------------------------------------------------------------
             |            Delta-method
             |     Margin   Std. Err.      z    P>|z|     [95% Conf. Interval]
-------------+----------------------------------------------------------------
         _at |
          1  |   .1258157   .0518824     2.43   0.015      .024128    .2275034
          2  |   .2163493    .052109     4.15   0.000     .1142176     .318481
          3  |    .344072   .0594687     5.79   0.000     .2275156    .4606285
------------------------------------------------------------------------------

. margins, atmeans

Adjusted predictions                            Number of obs     =         80
Model VCE    : OIM

Expression   : Pr(y), predict()
at           : x1              =        4.77 (mean)
               x2              =     2.64925 (mean)
               1.g             =        .325 (mean)
               2.g             =       .3375 (mean)
               3.g             =       .3375 (mean)

------------------------------------------------------------------------------
             |            Delta-method
             |     Margin   Std. Err.      z    P>|z|     [95% Conf. Interval]
-------------+----------------------------------------------------------------
       _cons |   .2495186   .0543161     4.59   0.000      .143061    .3559763
------------------------------------------------------------------------------

. margins g, atmeans

Adjusted predictions                            Number of obs     =         80
Model VCE    : OIM

Expression   : Pr(y), predict()
at           : x1              =        4.77 (mean)
               x2              =     2.64925 (mean)
               1.g             =        .325 (mean)
               2.g             =       .3375 (mean)
               3.g             =       .3375 (mean)

------------------------------------------------------------------------------
             |            Delta-method
             |     Margin   Std. Err.      z    P>|z|     [95% Conf. Interval]
-------------+----------------------------------------------------------------
           g |
          1  |   .3265081   .1036119     3.15   0.002     .1234324    .5295838
          2  |   .2585232   .0917557     2.82   0.005     .0786853    .4383612
          3  |   .1806581   .0763495     2.37   0.018     .0310157    .3303005
------------------------------------------------------------------------------

. return list

scalars:
              r(level) =  95
               r(k_at) =  1
               r(k_by) =  1
          r(k_predict) =  1
          r(k_margins) =  1
                  r(N) =  80

macros:
           r(mcmethod) : "noadjust"
                r(cmd) : "margins"
            r(cmdline) : "margins g, atmeans"
        r(est_cmdline) : "logit y x1 x2 i.g"
            r(est_cmd) : "logit"
         r(emptycells) : "strict"
           r(atstats1) : "mean mean mean mean mean"
         r(expression) : "predict()"
     r(predict1_label) : "Pr(y)"
            r(margins) : "i(1 2 3)b1.g"
            r(vcetype) : "Delta-method"
                r(vce) : "delta"
          r(model_vce) : "oim"
              r(title) : "Adjusted predictions"

matrices:
              r(table) :  9 x 3
          r(chainrule) :  1 x 3
                 r(at) :  1 x 5
                  r(V) :  3 x 3
           r(Jacobian) :  3 x 6
              r(error) :  1 x 3
                  r(b) :  1 x 3
                 r(_N) :  1 x 3

. regress yc x1 x2 i.g

      Source |       SS           df       MS      Number of obs   =        80
-------------+----------------------------------   F(4, 75)        =   3457.69
       Model |  943.704336         4  235.926084   Prob > F        =    0.0000
    Residual |  5.11741833        75  .068232244   R-squared       =    0.9946
-------------+----------------------------------   Adj R-squared   =    0.9943
       Total |  948.821754        79   12.010402   Root MSE        =    .26121

------------------------------------------------------------------------------
          yc |      Coef.   Std. Err.      t    P>|t|     [95% Conf. Interval]
-------------+----------------------------------------------------------------
          x1 |   1.007181   .0115957    86.86   0.000     .9840817    1.030281
          x2 |  -.9790457   .0199812   -49.00   0.000     -1.01885   -.9392412
             |
           g |
          2  |   .9057246   .0727654    12.45   0.000     .7607685    1.050681
          3  |   1.852864   .0730704    25.36   0.000     1.707301    1.998428
             |
       _cons |   2.452708   .0978033    25.08   0.000     2.257874    2.647542
------------------------------------------------------------------------------

. margins g

Predictive margins                              Number of obs     =         80
Model VCE    : OLS

Expression   : Linear prediction, predict()

------------------------------------------------------------------------------
             |            Delta-method
             |     Margin   Std. Err.      t    P>|t|     [95% Conf. Interval]
-------------+----------------------------------------------------------------
           g |
          1  |   4.663226   .0517779    90.06   0.000     4.560079    4.766373
          2  |   5.568951   .0507378   109.76   0.000     5.467876    5.670026
          3  |   6.516091   .0508801   128.07   0.000     6.414732    6.617449
------------------------------------------------------------------------------

. margins, dydx(x1 x2)

Average marginal effects                        Number of obs     =         80
Model VCE    : OLS

Expression   : Linear prediction, predict()
dy/dx w.r.t. : x1 x2

------------------------------------------------------------------------------
             |            Delta-method
             |      dy/dx   Std. Err.      t    P>|t|     [95% Conf. Interval]
-------------+----------------------------------------------------------------
          x1 |   1.007181   .0115957    86.86   0.000     .9840817    1.030281
          x2 |  -.9790457   .0199812   -49.00   0.000     -1.01885   -.9392412
------------------------------------------------------------------------------

. margins, at(x1=(2(2)6))

Predictive margins                              Number of obs     =         80
Model VCE    : OLS

Expression   : Linear prediction, predict()

1._at        : x1              =           2

2._at        : x1              =           4

3._at        : x1              =           6

------------------------------------------------------------------------------
             |            Delta-method
             |     Margin   Std. Err.      t    P>|t|     [95% Conf. Interval]
-------------+----------------------------------------------------------------
         _at |
          1  |   2.804358   .0434119    64.60   0.000     2.717877    2.890839
          2  |    4.81872   .0305389   157.79   0.000     4.757884    4.879557
          3  |   6.833083   .0325012   210.24   0.000     6.768337    6.897829
------------------------------------------------------------------------------

. nlcom _b[x1]/_b[x2]

       _nl_1:  _b[x1]/_b[x2]

------------------------------------------------------------------------------
          yc |      Coef.   Std. Err.      z    P>|z|     [95% Conf. Interval]
-------------+----------------------------------------------------------------
       _nl_1 |  -1.028738   .0257817   -39.90   0.000    -1.079269   -.9782068
------------------------------------------------------------------------------

. nlcom (r1: _b[x1]/_b[x2]) (r2: exp(_b[x1]))

          r1:  _b[x1]/_b[x2]
          r2:  exp(_b[x1])

------------------------------------------------------------------------------
          yc |      Coef.   Std. Err.      z    P>|z|     [95% Conf. Interval]
-------------+----------------------------------------------------------------
          r1 |  -1.028738   .0257817   -39.90   0.000    -1.079269   -.9782068
          r2 |   2.737873   .0317474    86.24   0.000     2.675649    2.800097
------------------------------------------------------------------------------

. 
end of do-file
      name:  <unnamed>
       log:  /Users/yaskepalhares/opendta/compat/expected/0511_margins_nlcom.log
  log type:  text
 closed on:   9 Oct 2026, 12:10:02
---------------------------------------------------------------------------------------------------------------------------------------------------------------------------------------------------------------------------------------------------------------
